Archive member included to satisfy reference by file (symbol)

/usr/lib/gcc/arm-none-eabi/9.2.1/../../../arm-none-eabi/lib/thumb/v7e-m+fp/hard/libc_nano.a(lib_a-atexit.o)
                              /usr/lib/gcc/arm-none-eabi/9.2.1/../../../arm-none-eabi/lib/thumb/v7e-m+fp/hard/crt0.o (atexit)
/usr/lib/gcc/arm-none-eabi/9.2.1/../../../arm-none-eabi/lib/thumb/v7e-m+fp/hard/libc_nano.a(lib_a-exit.o)
                              /usr/lib/gcc/arm-none-eabi/9.2.1/../../../arm-none-eabi/lib/thumb/v7e-m+fp/hard/crt0.o (exit)
/usr/lib/gcc/arm-none-eabi/9.2.1/../../../arm-none-eabi/lib/thumb/v7e-m+fp/hard/libc_nano.a(lib_a-fini.o)
                              /usr/lib/gcc/arm-none-eabi/9.2.1/../../../arm-none-eabi/lib/thumb/v7e-m+fp/hard/crt0.o (__libc_fini_array)
/usr/lib/gcc/arm-none-eabi/9.2.1/../../../arm-none-eabi/lib/thumb/v7e-m+fp/hard/libc_nano.a(lib_a-impure.o)
                              /usr/lib/gcc/arm-none-eabi/9.2.1/../../../arm-none-eabi/lib/thumb/v7e-m+fp/hard/libc_nano.a(lib_a-exit.o) (_global_impure_ptr)
/usr/lib/gcc/arm-none-eabi/9.2.1/../../../arm-none-eabi/lib/thumb/v7e-m+fp/hard/libc_nano.a(lib_a-init.o)
                              /usr/lib/gcc/arm-none-eabi/9.2.1/../../../arm-none-eabi/lib/thumb/v7e-m+fp/hard/crt0.o (__libc_init_array)
/usr/lib/gcc/arm-none-eabi/9.2.1/../../../arm-none-eabi/lib/thumb/v7e-m+fp/hard/libc_nano.a(lib_a-memset.o)
                              /usr/lib/gcc/arm-none-eabi/9.2.1/../../../arm-none-eabi/lib/thumb/v7e-m+fp/hard/crt0.o (memset)
/usr/lib/gcc/arm-none-eabi/9.2.1/../../../arm-none-eabi/lib/thumb/v7e-m+fp/hard/libc_nano.a(lib_a-__atexit.o)
                              /usr/lib/gcc/arm-none-eabi/9.2.1/../../../arm-none-eabi/lib/thumb/v7e-m+fp/hard/libc_nano.a(lib_a-atexit.o) (__register_exitproc)
/usr/lib/gcc/arm-none-eabi/9.2.1/../../../arm-none-eabi/lib/thumb/v7e-m+fp/hard/libc_nano.a(lib_a-__call_atexit.o)
                              /usr/lib/gcc/arm-none-eabi/9.2.1/../../../arm-none-eabi/lib/thumb/v7e-m+fp/hard/libc_nano.a(lib_a-__atexit.o) (__call_exitprocs)
/usr/lib/gcc/arm-none-eabi/9.2.1/../../../arm-none-eabi/lib/thumb/v7e-m+fp/hard/libnosys.a(_exit.o)
                              /usr/lib/gcc/arm-none-eabi/9.2.1/../../../arm-none-eabi/lib/thumb/v7e-m+fp/hard/libc_nano.a(lib_a-exit.o) (_exit)

Allocating common symbols
Common symbol       size              file

hdac2               0x14              build/main.o
hUsbDeviceFS        0x2c4             build/usb_device.o
hdac1               0x14              build/main.o
BuffLength          0x4               build/usbd_cdc_if.o
uwTick              0x4               build/stm32g4xx_hal.o
hdma_hrtim1_a       0x60              build/main.o
UserRxBufferFS      0x800             build/usbd_cdc_if.o
hcomp1              0x24              build/main.o
HID_Buffer          0x4               build/usb_device.o
hhrtim1             0xfc              build/main.o
UserTxBufferFS      0x800             build/usbd_cdc_if.o
UserTxBufPtrOut     0x4               build/usbd_cdc_if.o
uwPrescalerValue    0x4               build/usbd_cdc_if.o
hpcd_USB_FS         0x274             build/main.o
USBD_StrDesc        0x64              build/usbd_desc.o
UserTxBufPtrIn      0x4               build/usbd_cdc_if.o

Discarded input sections

 .text          0x0000000000000000        0x0 /usr/lib/gcc/arm-none-eabi/9.2.1/thumb/v7e-m+fp/hard/crti.o
 .data          0x0000000000000000        0x0 /usr/lib/gcc/arm-none-eabi/9.2.1/thumb/v7e-m+fp/hard/crti.o
 .bss           0x0000000000000000        0x0 /usr/lib/gcc/arm-none-eabi/9.2.1/thumb/v7e-m+fp/hard/crti.o
 .data          0x0000000000000000        0x4 /usr/lib/gcc/arm-none-eabi/9.2.1/thumb/v7e-m+fp/hard/crtbegin.o
 .text          0x0000000000000000       0x70 /usr/lib/gcc/arm-none-eabi/9.2.1/../../../arm-none-eabi/lib/thumb/v7e-m+fp/hard/crt0.o
 .data          0x0000000000000000        0x0 /usr/lib/gcc/arm-none-eabi/9.2.1/../../../arm-none-eabi/lib/thumb/v7e-m+fp/hard/crt0.o
 .bss           0x0000000000000000        0x0 /usr/lib/gcc/arm-none-eabi/9.2.1/../../../arm-none-eabi/lib/thumb/v7e-m+fp/hard/crt0.o
 .ARM.extab     0x0000000000000000        0x0 /usr/lib/gcc/arm-none-eabi/9.2.1/../../../arm-none-eabi/lib/thumb/v7e-m+fp/hard/crt0.o
 .ARM.exidx     0x0000000000000000       0x10 /usr/lib/gcc/arm-none-eabi/9.2.1/../../../arm-none-eabi/lib/thumb/v7e-m+fp/hard/crt0.o
 .debug_line    0x0000000000000000       0x87 /usr/lib/gcc/arm-none-eabi/9.2.1/../../../arm-none-eabi/lib/thumb/v7e-m+fp/hard/crt0.o
 .debug_info    0x0000000000000000       0x26 /usr/lib/gcc/arm-none-eabi/9.2.1/../../../arm-none-eabi/lib/thumb/v7e-m+fp/hard/crt0.o
 .debug_abbrev  0x0000000000000000       0x14 /usr/lib/gcc/arm-none-eabi/9.2.1/../../../arm-none-eabi/lib/thumb/v7e-m+fp/hard/crt0.o
 .debug_aranges
                0x0000000000000000       0x20 /usr/lib/gcc/arm-none-eabi/9.2.1/../../../arm-none-eabi/lib/thumb/v7e-m+fp/hard/crt0.o
[...]
Memory Configuration

Name             Origin             Length             Attributes
RAM              0x0000000020000000 0x0000000000020000 xrw
FLASH            0x0000000008000000 0x0000000000020000 xr
*default*        0x0000000000000000 0xffffffffffffffff

Linker script and memory map

LOAD /usr/lib/gcc/arm-none-eabi/9.2.1/thumb/v7e-m+fp/hard/crti.o
LOAD /usr/lib/gcc/arm-none-eabi/9.2.1/thumb/v7e-m+fp/hard/crtbegin.o
LOAD /usr/lib/gcc/arm-none-eabi/9.2.1/../../../arm-none-eabi/lib/thumb/v7e-m+fp/hard/crt0.o
LOAD build/main.o
LOAD build/stm32g4xx_it.o
LOAD build/stm32g4xx_hal_msp.o
LOAD build/stm32g4xx_hal_gpio.o
LOAD build/stm32g4xx_hal_comp.o
LOAD build/stm32g4xx_hal.o
LOAD build/stm32g4xx_hal_rcc.o
LOAD build/stm32g4xx_hal_rcc_ex.o
LOAD build/stm32g4xx_hal_flash.o
LOAD build/stm32g4xx_hal_flash_ex.o
LOAD build/stm32g4xx_hal_flash_ramfunc.o
LOAD build/stm32g4xx_hal_exti.o
LOAD build/stm32g4xx_hal_dma.o
LOAD build/stm32g4xx_hal_dma_ex.o
LOAD build/stm32g4xx_hal_pwr.o
LOAD build/stm32g4xx_hal_pwr_ex.o
LOAD build/stm32g4xx_hal_cortex.o
LOAD build/stm32g4xx_hal_dac.o
LOAD build/stm32g4xx_hal_dac_ex.o
LOAD build/stm32g4xx_hal_hrtim.o
LOAD build/stm32g4xx_hal_tim.o
LOAD build/stm32g4xx_hal_tim_ex.o
LOAD build/stm32g4xx_ll_pwr.o
LOAD build/stm32g4xx_hal_pcd.o
LOAD build/stm32g4xx_hal_pcd_ex.o
LOAD build/stm32g4xx_ll_usb.o
LOAD build/usbd_cdc.o
LOAD build/usbd_core.o
LOAD build/usbd_ctlreq.o
LOAD build/usbd_ioreq.o
LOAD build/usbd_cdc_if.o
LOAD build/usb_device.o
LOAD build/usbd_conf.o
LOAD build/usbd_desc.o
LOAD build/system_stm32g4xx.o
LOAD build/startup_stm32g474xx.o
LOAD /usr/lib/gcc/arm-none-eabi/9.2.1/../../../arm-none-eabi/lib/thumb/v7e-m+fp/hard/libc_nano.a
LOAD /usr/lib/gcc/arm-none-eabi/9.2.1/../../../arm-none-eabi/lib/thumb/v7e-m+fp/hard/libm.a
LOAD /usr/lib/gcc/arm-none-eabi/9.2.1/../../../arm-none-eabi/lib/thumb/v7e-m+fp/hard/libnosys.a
START GROUP
LOAD /usr/lib/gcc/arm-none-eabi/9.2.1/thumb/v7e-m+fp/hard/libgcc.a
LOAD /usr/lib/gcc/arm-none-eabi/9.2.1/../../../arm-none-eabi/lib/thumb/v7e-m+fp/hard/libc_nano.a
END GROUP
START GROUP
LOAD /usr/lib/gcc/arm-none-eabi/9.2.1/thumb/v7e-m+fp/hard/libgcc.a
LOAD /usr/lib/gcc/arm-none-eabi/9.2.1/../../../arm-none-eabi/lib/thumb/v7e-m+fp/hard/libc_nano.a
END GROUP
LOAD /usr/lib/gcc/arm-none-eabi/9.2.1/thumb/v7e-m+fp/hard/crtend.o
LOAD /usr/lib/gcc/arm-none-eabi/9.2.1/thumb/v7e-m+fp/hard/crtn.o
                0x0000000020020000                _estack = 0x20020000
                0x0000000000000200                _Min_Heap_Size = 0x200
                0x0000000000000400                _Min_Stack_Size = 0x400

.isr_vector     0x0000000008000000      0x1d8
                0x0000000008000000                . = ALIGN (0x4)
 *(.isr_vector)
 .isr_vector    0x0000000008000000      0x1d8 build/startup_stm32g474xx.o
                0x0000000008000000                g_pfnVectors
                0x00000000080001d8                . = ALIGN (0x4)

.text           0x00000000080001d8     0x3a6c
                0x00000000080001d8                . = ALIGN (0x4)
 *(.text)
 .text          0x00000000080001d8       0x88 /usr/lib/gcc/arm-none-eabi/9.2.1/thumb/v7e-m+fp/hard/crtbegin.o
 .text          0x0000000008000260       0x48 /usr/lib/gcc/arm-none-eabi/9.2.1/../../../arm-none-eabi/lib/thumb/v7e-m+fp/hard/libc_nano.a(lib_a-init.o)
                0x0000000008000260                __libc_init_array
 .text          0x00000000080002a8       0xa0 /usr/lib/gcc/arm-none-eabi/9.2.1/../../../arm-none-eabi/lib/thumb/v7e-m+fp/hard/libc_nano.a(lib_a-memset.o)
                0x00000000080002a8                memset
 *(.text*)
 .text.MX_GPIO_Init
                0x0000000008000348       0x74 build/main.o
 .text.MX_DMA_Init
                0x00000000080003bc       0x44 build/main.o
 .text.MX_USB_PCD_Init
                0x0000000008000400       0x2c build/main.o
 .text.SystemClock_Config
                0x000000000800042c       0x7e build/main.o
                0x000000000800042c                SystemClock_Config
 *fill*         0x00000000080004aa        0x2 
 .text.main     0x00000000080004ac       0x58 build/main.o
                0x00000000080004ac                main
 .text.Error_Handler
                0x0000000008000504        0x2 build/main.o
                0x0000000008000504                Error_Handler
 .text.NMI_Handler
                0x0000000008000506        0x2 build/stm32g4xx_it.o
                0x0000000008000506                NMI_Handler
 .text.HardFault_Handler
                0x0000000008000508        0x2 build/stm32g4xx_it.o
                0x0000000008000508                HardFault_Handler
 .text.MemManage_Handler
                0x000000000800050a        0x2 build/stm32g4xx_it.o
                0x000000000800050a                MemManage_Handler
 .text.BusFault_Handler
                0x000000000800050c        0x2 build/stm32g4xx_it.o
                0x000000000800050c                BusFault_Handler
 .text.UsageFault_Handler
                0x000000000800050e        0x2 build/stm32g4xx_it.o
                0x000000000800050e                UsageFault_Handler
 .text.SVC_Handler
                0x0000000008000510        0x2 build/stm32g4xx_it.o
                0x0000000008000510                SVC_Handler
 .text.DebugMon_Handler
                0x0000000008000512        0x2 build/stm32g4xx_it.o
                0x0000000008000512                DebugMon_Handler
 .text.PendSV_Handler
                0x0000000008000514        0x2 build/stm32g4xx_it.o
                0x0000000008000514                PendSV_Handler
 .text.SysTick_Handler
                0x0000000008000516        0x8 build/stm32g4xx_it.o
                0x0000000008000516                SysTick_Handler
 *fill*         0x000000000800051e        0x2 
 .text.USB_LP_IRQHandler
                0x0000000008000520       0x10 build/stm32g4xx_it.o
                0x0000000008000520                USB_LP_IRQHandler
 .text.DMA1_Channel1_IRQHandler
                0x0000000008000530       0x10 build/stm32g4xx_it.o
                0x0000000008000530                DMA1_Channel1_IRQHandler
 .text.COMP1_2_3_IRQHandler
                0x0000000008000540       0x10 build/stm32g4xx_it.o
                0x0000000008000540                COMP1_2_3_IRQHandler
 .text.HAL_MspInit
                0x0000000008000550       0x40 build/stm32g4xx_hal_msp.o
                0x0000000008000550                HAL_MspInit
 .text.HAL_GPIO_Init
                0x0000000008000590      0x1a4 build/stm32g4xx_hal_gpio.o
                0x0000000008000590                HAL_GPIO_Init
 .text.HAL_GPIO_WritePin
                0x0000000008000734        0xa build/stm32g4xx_hal_gpio.o
                0x0000000008000734                HAL_GPIO_WritePin
 .text.HAL_COMP_TriggerCallback
                0x000000000800073e        0x2 build/stm32g4xx_hal_comp.o
                0x000000000800073e                HAL_COMP_TriggerCallback
 .text.HAL_COMP_IRQHandler
                0x0000000008000740       0x94 build/stm32g4xx_hal_comp.o
                0x0000000008000740                HAL_COMP_IRQHandler
 .text.HAL_InitTick
                0x00000000080007d4       0x50 build/stm32g4xx_hal.o
                0x00000000080007d4                HAL_InitTick
 .text.HAL_Init
                0x0000000008000824       0x1e build/stm32g4xx_hal.o
                0x0000000008000824                HAL_Init
 *fill*         0x0000000008000842        0x2 
 .text.HAL_IncTick
                0x0000000008000844       0x18 build/stm32g4xx_hal.o
                0x0000000008000844                HAL_IncTick
 .text.HAL_GetTick
                0x000000000800085c        0xc build/stm32g4xx_hal.o
                0x000000000800085c                HAL_GetTick
 .text.HAL_Delay
                0x0000000008000868       0x28 build/stm32g4xx_hal.o
                0x0000000008000868                HAL_Delay
 .text.RCC_GetSysClockFreqFromPLLSource
                0x0000000008000890       0x58 build/stm32g4xx_hal_rcc.o
 .text.HAL_RCC_OscConfig
                0x00000000080008e8      0x4e8 build/stm32g4xx_hal_rcc.o
                0x00000000080008e8                HAL_RCC_OscConfig
 .text.HAL_RCC_GetSysClockFreq
                0x0000000008000dd0       0x88 build/stm32g4xx_hal_rcc.o
                0x0000000008000dd0                HAL_RCC_GetSysClockFreq
 .text.HAL_RCC_ClockConfig
                0x0000000008000e58      0x1f8 build/stm32g4xx_hal_rcc.o
                0x0000000008000e58                HAL_RCC_ClockConfig
 .text.HAL_RCCEx_PeriphCLKConfig
                0x0000000008001050      0x378 build/stm32g4xx_hal_rcc_ex.o
                0x0000000008001050                HAL_RCCEx_PeriphCLKConfig
 .text.HAL_RCCEx_CRSConfig
                0x00000000080013c8       0x4c build/stm32g4xx_hal_rcc_ex.o
                0x00000000080013c8                HAL_RCCEx_CRSConfig
 .text.HAL_DMA_IRQHandler
                0x0000000008001414       0xc4 build/stm32g4xx_hal_dma.o
                0x0000000008001414                HAL_DMA_IRQHandler
 .text.HAL_PWREx_ControlVoltageScaling
                0x00000000080014d8      0x10c build/stm32g4xx_hal_pwr_ex.o
                0x00000000080014d8                HAL_PWREx_ControlVoltageScaling
 .text.HAL_NVIC_SetPriorityGrouping
                0x00000000080015e4       0x24 build/stm32g4xx_hal_cortex.o
                0x00000000080015e4                HAL_NVIC_SetPriorityGrouping
 .text.HAL_NVIC_SetPriority
                0x0000000008001608       0x68 build/stm32g4xx_hal_cortex.o
                0x0000000008001608                HAL_NVIC_SetPriority
 .text.HAL_NVIC_EnableIRQ
                0x0000000008001670       0x1c build/stm32g4xx_hal_cortex.o
                0x0000000008001670                HAL_NVIC_EnableIRQ
 .text.HAL_SYSTICK_Config
                0x000000000800168c       0x2c build/stm32g4xx_hal_cortex.o
                0x000000000800168c                HAL_SYSTICK_Config
 .text.HAL_PCD_Init
                0x00000000080016b8       0xc2 build/stm32g4xx_hal_pcd.o
                0x00000000080016b8                HAL_PCD_Init
 .text.HAL_PCD_Start
                0x000000000800177a       0x2a build/stm32g4xx_hal_pcd.o
                0x000000000800177a                HAL_PCD_Start
 .text.HAL_PCD_SetAddress
                0x00000000080017a4       0x28 build/stm32g4xx_hal_pcd.o
                0x00000000080017a4                HAL_PCD_SetAddress
 .text.HAL_PCD_EP_Open
                0x00000000080017cc       0x70 build/stm32g4xx_hal_pcd.o
                0x00000000080017cc                HAL_PCD_EP_Open
 .text.HAL_PCD_EP_Close
                0x000000000800183c       0x5c build/stm32g4xx_hal_pcd.o
                0x000000000800183c                HAL_PCD_EP_Close
 .text.HAL_PCD_EP_Receive
                0x0000000008001898       0x40 build/stm32g4xx_hal_pcd.o
                0x0000000008001898                HAL_PCD_EP_Receive
 .text.HAL_PCD_EP_GetRxCount
                0x00000000080018d8        0xe build/stm32g4xx_hal_pcd.o
                0x00000000080018d8                HAL_PCD_EP_GetRxCount
 .text.HAL_PCD_EP_Transmit
                0x00000000080018e6       0x3e build/stm32g4xx_hal_pcd.o
                0x00000000080018e6                HAL_PCD_EP_Transmit
 .text.PCD_EP_ISR_Handler
                0x0000000008001924      0x372 build/stm32g4xx_hal_pcd.o
 .text.HAL_PCD_IRQHandler
                0x0000000008001c96      0x1ea build/stm32g4xx_hal_pcd.o
                0x0000000008001c96                HAL_PCD_IRQHandler
 .text.HAL_PCD_EP_SetStall
                0x0000000008001e80       0x6e build/stm32g4xx_hal_pcd.o
                0x0000000008001e80                HAL_PCD_EP_SetStall
 .text.HAL_PCD_EP_ClrStall
                0x0000000008001eee       0x6e build/stm32g4xx_hal_pcd.o
                0x0000000008001eee                HAL_PCD_EP_ClrStall
 .text.HAL_PCDEx_PMAConfig
                0x0000000008001f5c       0x30 build/stm32g4xx_hal_pcd_ex.o
                0x0000000008001f5c                HAL_PCDEx_PMAConfig
 .text.HAL_PCDEx_ActivateLPM
                0x0000000008001f8c       0x2c build/stm32g4xx_hal_pcd_ex.o
                0x0000000008001f8c                HAL_PCDEx_ActivateLPM
 .text.HAL_PCDEx_LPM_Callback
                0x0000000008001fb8        0x2 build/stm32g4xx_hal_pcd_ex.o
                0x0000000008001fb8                HAL_PCDEx_LPM_Callback
 .text.USB_EnableGlobalInt
                0x0000000008001fba       0x16 build/stm32g4xx_ll_usb.o
                0x0000000008001fba                USB_EnableGlobalInt
 .text.USB_DisableGlobalInt
                0x0000000008001fd0       0x14 build/stm32g4xx_ll_usb.o
                0x0000000008001fd0                USB_DisableGlobalInt
 .text.USB_DevInit
                0x0000000008001fe4       0x2c build/stm32g4xx_ll_usb.o
                0x0000000008001fe4                USB_DevInit
 .text.USB_ActivateEndpoint
                0x0000000008002010      0x378 build/stm32g4xx_ll_usb.o
                0x0000000008002010                USB_ActivateEndpoint
 .text.USB_DeactivateEndpoint
                0x0000000008002388      0x1d6 build/stm32g4xx_ll_usb.o
                0x0000000008002388                USB_DeactivateEndpoint
 .text.USB_EPSetStall
                0x000000000800255e       0x4a build/stm32g4xx_ll_usb.o
                0x000000000800255e                USB_EPSetStall
 .text.USB_EPClearStall
                0x00000000080025a8       0xa2 build/stm32g4xx_ll_usb.o
                0x00000000080025a8                USB_EPClearStall
 .text.USB_SetDevAddress
                0x000000000800264a        0xc build/stm32g4xx_ll_usb.o
                0x000000000800264a                USB_SetDevAddress
 .text.USB_DevConnect
                0x0000000008002656       0x16 build/stm32g4xx_ll_usb.o
                0x0000000008002656                USB_DevConnect
 .text.USB_ReadInterrupts
                0x000000000800266c        0x8 build/stm32g4xx_ll_usb.o
                0x000000000800266c                USB_ReadInterrupts
 .text.USB_EP0_OutStart
                0x0000000008002674        0x4 build/stm32g4xx_ll_usb.o
                0x0000000008002674                USB_EP0_OutStart
 .text.USB_WritePMA
                0x0000000008002678       0x26 build/stm32g4xx_ll_usb.o
                0x0000000008002678                USB_WritePMA
 .text.USB_EPStartXfer
                0x000000000800269e      0x352 build/stm32g4xx_ll_usb.o
                0x000000000800269e                USB_EPStartXfer
 .text.USB_ReadPMA
                0x00000000080029f0       0x2e build/stm32g4xx_ll_usb.o
                0x00000000080029f0                USB_ReadPMA
 .text.USBD_CDC_EP0_RxReady
                0x0000000008002a1e       0x28 build/usbd_cdc.o
 *fill*         0x0000000008002a46        0x2 
 .text.USBD_CDC_GetFSCfgDesc
                0x0000000008002a48        0xc build/usbd_cdc.o
 .text.USBD_CDC_GetHSCfgDesc
                0x0000000008002a54        0xc build/usbd_cdc.o
 .text.USBD_CDC_GetOtherSpeedCfgDesc
                0x0000000008002a60        0xc build/usbd_cdc.o
 .text.USBD_CDC_GetDeviceQualifierDescriptor
                0x0000000008002a6c        0xc build/usbd_cdc.o
                0x0000000008002a6c                USBD_CDC_GetDeviceQualifierDescriptor
 .text.USBD_CDC_DataOut
                0x0000000008002a78       0x2e build/usbd_cdc.o
 .text.USBD_CDC_DataIn
                0x0000000008002aa6       0x4a build/usbd_cdc.o
 .text.USBD_CDC_Setup
                0x0000000008002af0       0xd6 build/usbd_cdc.o
 .text.USBD_CDC_DeInit
                0x0000000008002bc6       0x42 build/usbd_cdc.o
 .text.USBD_CDC_Init
                0x0000000008002c08       0xaa build/usbd_cdc.o
 .text.USBD_CDC_RegisterInterface
                0x0000000008002cb2        0xe build/usbd_cdc.o
                0x0000000008002cb2                USBD_CDC_RegisterInterface
 .text.USBD_CDC_SetTxBuffer
                0x0000000008002cc0       0x10 build/usbd_cdc.o
                0x0000000008002cc0                USBD_CDC_SetTxBuffer
 .text.USBD_CDC_SetRxBuffer
                0x0000000008002cd0        0xc build/usbd_cdc.o
                0x0000000008002cd0                USBD_CDC_SetRxBuffer
 .text.USBD_CDC_ReceivePacket
                0x0000000008002cdc       0x30 build/usbd_cdc.o
                0x0000000008002cdc                USBD_CDC_ReceivePacket
 .text.USBD_Init
                0x0000000008002d0c       0x2e build/usbd_core.o
                0x0000000008002d0c                USBD_Init
 .text.USBD_RegisterClass
                0x0000000008002d3a        0xe build/usbd_core.o
                0x0000000008002d3a                USBD_RegisterClass
 .text.USBD_Start
                0x0000000008002d48        0xa build/usbd_core.o
                0x0000000008002d48                USBD_Start
 .text.USBD_SetClassConfig
                0x0000000008002d52       0x18 build/usbd_core.o
                0x0000000008002d52                USBD_SetClassConfig
 .text.USBD_ClrClassConfig
                0x0000000008002d6a        0xe build/usbd_core.o
                0x0000000008002d6a                USBD_ClrClassConfig
 .text.USBD_LL_SetupStage
                0x0000000008002d78       0x5a build/usbd_core.o
                0x0000000008002d78                USBD_LL_SetupStage
 .text.USBD_LL_DataOutStage
                0x0000000008002dd2       0x8c build/usbd_core.o
                0x0000000008002dd2                USBD_LL_DataOutStage
 .text.USBD_LL_DataInStage
                0x0000000008002e5e       0xd0 build/usbd_core.o
                0x0000000008002e5e                USBD_LL_DataInStage
 .text.USBD_LL_Reset
                0x0000000008002f2e       0x50 build/usbd_core.o
                0x0000000008002f2e                USBD_LL_Reset
 .text.USBD_LL_SetSpeed
                0x0000000008002f7e        0x6 build/usbd_core.o
                0x0000000008002f7e                USBD_LL_SetSpeed
 .text.USBD_LL_Suspend
                0x0000000008002f84       0x12 build/usbd_core.o
                0x0000000008002f84                USBD_LL_Suspend
 .text.USBD_LL_Resume
                0x0000000008002f96       0x16 build/usbd_core.o
                0x0000000008002f96                USBD_LL_Resume
 .text.USBD_LL_SOF
                0x0000000008002fac       0x1c build/usbd_core.o
                0x0000000008002fac                USBD_LL_SOF
 .text.USBD_GetLen
                0x0000000008002fc8       0x12 build/usbd_ctlreq.o
 .text.USBD_SetFeature
                0x0000000008002fda       0x14 build/usbd_ctlreq.o
 .text.USBD_ParseSetupRequest
                0x0000000008002fee       0x28 build/usbd_ctlreq.o
                0x0000000008002fee                USBD_ParseSetupRequest
 .text.USBD_CtlError
                0x0000000008003016       0x14 build/usbd_ctlreq.o
                0x0000000008003016                USBD_CtlError
 .text.USBD_GetDescriptor
                0x000000000800302a      0x186 build/usbd_ctlreq.o
 .text.USBD_SetAddress
                0x00000000080031b0       0x4e build/usbd_ctlreq.o
 *fill*         0x00000000080031fe        0x2 
 .text.USBD_SetConfig
                0x0000000008003200       0xb0 build/usbd_ctlreq.o
 .text.USBD_GetConfig
                0x00000000080032b0       0x3e build/usbd_ctlreq.o
 .text.USBD_GetStatus
                0x00000000080032ee       0x38 build/usbd_ctlreq.o
 .text.USBD_ClrFeature
                0x0000000008003326       0x26 build/usbd_ctlreq.o
 .text.USBD_StdDevReq
                0x000000000800334c       0x68 build/usbd_ctlreq.o
                0x000000000800334c                USBD_StdDevReq
 .text.USBD_StdItfReq
                0x00000000080033b4       0x60 build/usbd_ctlreq.o
                0x00000000080033b4                USBD_StdItfReq
 .text.USBD_StdEPReq
                0x0000000008003414      0x1e2 build/usbd_ctlreq.o
                0x0000000008003414                USBD_StdEPReq
 .text.USBD_GetString
                0x00000000080035f6       0x38 build/usbd_ctlreq.o
                0x00000000080035f6                USBD_GetString
 .text.USBD_CtlSendData
                0x000000000800362e       0x1a build/usbd_ioreq.o
                0x000000000800362e                USBD_CtlSendData
 .text.USBD_CtlContinueSendData
                0x0000000008003648       0x10 build/usbd_ioreq.o
                0x0000000008003648                USBD_CtlContinueSendData
 .text.USBD_CtlPrepareRx
                0x0000000008003658       0x1e build/usbd_ioreq.o
                0x0000000008003658                USBD_CtlPrepareRx
 .text.USBD_CtlContinueRx
                0x0000000008003676       0x10 build/usbd_ioreq.o
                0x0000000008003676                USBD_CtlContinueRx
 .text.USBD_CtlSendStatus
                0x0000000008003686       0x16 build/usbd_ioreq.o
                0x0000000008003686                USBD_CtlSendStatus
 .text.USBD_CtlReceiveStatus
                0x000000000800369c       0x16 build/usbd_ioreq.o
                0x000000000800369c                USBD_CtlReceiveStatus
 .text.CDC_DeInit_FS
                0x00000000080036b2        0x4 build/usbd_cdc_if.o
 *fill*         0x00000000080036b6        0x2 
 .text.CDC_Control_FS
                0x00000000080036b8       0x58 build/usbd_cdc_if.o
 .text.CDC_Receive_FS
                0x0000000008003710       0x10 build/usbd_cdc_if.o
 .text.CDC_Init_FS
                0x0000000008003720       0x28 build/usbd_cdc_if.o
 .text.USBD_Clock_Config
                0x0000000008003748       0x70 build/usb_device.o
                0x0000000008003748                USBD_Clock_Config
 .text.MX_USB_Device_Init
                0x00000000080037b8       0x58 build/usb_device.o
                0x00000000080037b8                MX_USB_Device_Init
 .text.USBD_Get_USB_Status
                0x0000000008003810       0x14 build/usbd_conf.o
 .text.SystemClockConfig_Resume
                0x0000000008003824        0xc build/usbd_conf.o
 .text.HAL_PCD_MspInit
                0x0000000008003830       0x78 build/usbd_conf.o
                0x0000000008003830                HAL_PCD_MspInit
 .text.HAL_PCD_SetupStageCallback
                0x00000000080038a8       0x10 build/usbd_conf.o
                0x00000000080038a8                HAL_PCD_SetupStageCallback
 .text.HAL_PCD_DataOutStageCallback
                0x00000000080038b8       0x14 build/usbd_conf.o
                0x00000000080038b8                HAL_PCD_DataOutStageCallback
 .text.HAL_PCD_DataInStageCallback
                0x00000000080038cc       0x12 build/usbd_conf.o
                0x00000000080038cc                HAL_PCD_DataInStageCallback
 .text.HAL_PCD_SOFCallback
                0x00000000080038de        0xc build/usbd_conf.o
                0x00000000080038de                HAL_PCD_SOFCallback
 .text.HAL_PCD_ResetCallback
                0x00000000080038ea       0x24 build/usbd_conf.o
                0x00000000080038ea                HAL_PCD_ResetCallback
 *fill*         0x000000000800390e        0x2 
 .text.HAL_PCD_SuspendCallback
                0x0000000008003910       0x20 build/usbd_conf.o
                0x0000000008003910                HAL_PCD_SuspendCallback
 .text.HAL_PCD_ResumeCallback
                0x0000000008003930       0x28 build/usbd_conf.o
                0x0000000008003930                HAL_PCD_ResumeCallback
 .text.USBD_LL_Init
                0x0000000008003958       0x80 build/usbd_conf.o
                0x0000000008003958                USBD_LL_Init
 .text.USBD_LL_Start
                0x00000000080039d8       0x10 build/usbd_conf.o
                0x00000000080039d8                USBD_LL_Start
 .text.USBD_LL_OpenEP
                0x00000000080039e8       0x16 build/usbd_conf.o
                0x00000000080039e8                USBD_LL_OpenEP
 .text.USBD_LL_CloseEP
                0x00000000080039fe       0x10 build/usbd_conf.o
                0x00000000080039fe                USBD_LL_CloseEP
 .text.USBD_LL_StallEP
                0x0000000008003a0e       0x10 build/usbd_conf.o
                0x0000000008003a0e                USBD_LL_StallEP
 .text.USBD_LL_ClearStallEP
                0x0000000008003a1e       0x10 build/usbd_conf.o
                0x0000000008003a1e                USBD_LL_ClearStallEP
 .text.USBD_LL_IsStallEP
                0x0000000008003a2e       0x26 build/usbd_conf.o
                0x0000000008003a2e                USBD_LL_IsStallEP
 .text.USBD_LL_SetUSBAddress
                0x0000000008003a54       0x10 build/usbd_conf.o
                0x0000000008003a54                USBD_LL_SetUSBAddress
 .text.USBD_LL_Transmit
                0x0000000008003a64       0x10 build/usbd_conf.o
                0x0000000008003a64                USBD_LL_Transmit
 .text.USBD_LL_PrepareReceive
                0x0000000008003a74       0x10 build/usbd_conf.o
                0x0000000008003a74                USBD_LL_PrepareReceive
 .text.USBD_LL_GetRxDataSize
                0x0000000008003a84        0xc build/usbd_conf.o
                0x0000000008003a84                USBD_LL_GetRxDataSize
 .text.USBD_static_malloc
                0x0000000008003a90        0x8 build/usbd_conf.o
                0x0000000008003a90                USBD_static_malloc
 .text.USBD_static_free
                0x0000000008003a98        0x2 build/usbd_conf.o
                0x0000000008003a98                USBD_static_free
 *fill*         0x0000000008003a9a        0x2 
 .text.USBD_CDC_DeviceDescriptor
                0x0000000008003a9c        0xc build/usbd_desc.o
                0x0000000008003a9c                USBD_CDC_DeviceDescriptor
 .text.USBD_CDC_LangIDStrDescriptor
                0x0000000008003aa8        0xc build/usbd_desc.o
                0x0000000008003aa8                USBD_CDC_LangIDStrDescriptor
 .text.IntToUnicode
                0x0000000008003ab4       0x38 build/usbd_desc.o
 .text.Get_SerialNum
                0x0000000008003aec       0x34 build/usbd_desc.o
 .text.USBD_CDC_SerialStrDescriptor
                0x0000000008003b20       0x14 build/usbd_desc.o
                0x0000000008003b20                USBD_CDC_SerialStrDescriptor
 .text.USBD_CDC_ProductStrDescriptor
                0x0000000008003b34       0x24 build/usbd_desc.o
                0x0000000008003b34                USBD_CDC_ProductStrDescriptor
 .text.USBD_CDC_ManufacturerStrDescriptor
                0x0000000008003b58       0x1c build/usbd_desc.o
                0x0000000008003b58                USBD_CDC_ManufacturerStrDescriptor
 .text.USBD_CDC_ConfigStrDescriptor
                0x0000000008003b74       0x24 build/usbd_desc.o
                0x0000000008003b74                USBD_CDC_ConfigStrDescriptor
 .text.USBD_CDC_InterfaceStrDescriptor
                0x0000000008003b98       0x24 build/usbd_desc.o
                0x0000000008003b98                USBD_CDC_InterfaceStrDescriptor
 .text.SystemInit
                0x0000000008003bbc       0x1c build/system_stm32g4xx.o
                0x0000000008003bbc                SystemInit
 .text.Reset_Handler
                0x0000000008003bd8       0x50 build/startup_stm32g474xx.o
                0x0000000008003bd8                Reset_Handler
 .text.Default_Handler
                0x0000000008003c28        0x2 build/startup_stm32g474xx.o
                0x0000000008003c28                RTC_Alarm_IRQHandler
                0x0000000008003c28                EXTI2_IRQHandler
                0x0000000008003c28                TIM8_TRG_COM_IRQHandler
                0x0000000008003c28                TIM8_CC_IRQHandler
                0x0000000008003c28                HRTIM1_Master_IRQHandler
                0x0000000008003c28                SPI4_IRQHandler
                0x0000000008003c28                FDCAN3_IT0_IRQHandler
                0x0000000008003c28                TIM1_CC_IRQHandler
                0x0000000008003c28                HRTIM1_FLT_IRQHandler
                0x0000000008003c28                HRTIM1_TIMF_IRQHandler
                0x0000000008003c28                USB_HP_IRQHandler
                0x0000000008003c28                CORDIC_IRQHandler
                0x0000000008003c28                HRTIM1_TIMD_IRQHandler
                0x0000000008003c28                DMA2_Channel8_IRQHandler
                0x0000000008003c28                EXTI3_IRQHandler
                0x0000000008003c28                I2C3_ER_IRQHandler
                0x0000000008003c28                EXTI0_IRQHandler
                0x0000000008003c28                I2C2_EV_IRQHandler
                0x0000000008003c28                FPU_IRQHandler
                0x0000000008003c28                FDCAN1_IT1_IRQHandler
                0x0000000008003c28                TIM1_UP_TIM16_IRQHandler
                0x0000000008003c28                ADC1_2_IRQHandler
                0x0000000008003c28                HRTIM1_TIME_IRQHandler
                0x0000000008003c28                SPI1_IRQHandler
                0x0000000008003c28                TIM6_DAC_IRQHandler
                0x0000000008003c28                HRTIM1_TIMC_IRQHandler
                0x0000000008003c28                TIM8_UP_IRQHandler
                0x0000000008003c28                DMA2_Channel2_IRQHandler
                0x0000000008003c28                DMA1_Channel4_IRQHandler
                0x0000000008003c28                TIM20_TRG_COM_IRQHandler
                0x0000000008003c28                USART3_IRQHandler
                0x0000000008003c28                DMA1_Channel7_IRQHandler
                0x0000000008003c28                UART5_IRQHandler
                0x0000000008003c28                ADC3_IRQHandler
                0x0000000008003c28                TIM4_IRQHandler
                0x0000000008003c28                DMA2_Channel1_IRQHandler
                0x0000000008003c28                QUADSPI_IRQHandler
                0x0000000008003c28                I2C1_EV_IRQHandler
                0x0000000008003c28                DMA1_Channel6_IRQHandler
                0x0000000008003c28                UART4_IRQHandler
                0x0000000008003c28                DMA2_Channel4_IRQHandler
                0x0000000008003c28                TIM3_IRQHandler
                0x0000000008003c28                RCC_IRQHandler
                0x0000000008003c28                TIM20_UP_IRQHandler
                0x0000000008003c28                Default_Handler
                0x0000000008003c28                DMA2_Channel7_IRQHandler
                0x0000000008003c28                RTC_TAMP_LSECSS_IRQHandler
                0x0000000008003c28                FMAC_IRQHandler
                0x0000000008003c28                EXTI15_10_IRQHandler
                0x0000000008003c28                DMA1_Channel8_IRQHandler
                0x0000000008003c28                HRTIM1_TIMA_IRQHandler
                0x0000000008003c28                TIM7_DAC_IRQHandler
                0x0000000008003c28                FDCAN3_IT1_IRQHandler
                0x0000000008003c28                TIM5_IRQHandler
                0x0000000008003c28                UCPD1_IRQHandler
                0x0000000008003c28                I2C3_EV_IRQHandler
                0x0000000008003c28                EXTI9_5_IRQHandler
                0x0000000008003c28                RTC_WKUP_IRQHandler
                0x0000000008003c28                PVD_PVM_IRQHandler
                0x0000000008003c28                SPI2_IRQHandler
                0x0000000008003c28                ADC5_IRQHandler
                0x0000000008003c28                DMA2_Channel5_IRQHandler
                0x0000000008003c28                CRS_IRQHandler
                0x0000000008003c28                DMA1_Channel5_IRQHandler
                0x0000000008003c28                EXTI4_IRQHandler
                0x0000000008003c28                RNG_IRQHandler
                0x0000000008003c28                HRTIM1_TIMB_IRQHandler
                0x0000000008003c28                TIM1_TRG_COM_TIM17_IRQHandler
                0x0000000008003c28                FDCAN2_IT1_IRQHandler
                0x0000000008003c28                DMA1_Channel3_IRQHandler
                0x0000000008003c28                ADC4_IRQHandler
                0x0000000008003c28                WWDG_IRQHandler
                0x0000000008003c28                I2C4_EV_IRQHandler
                0x0000000008003c28                FDCAN2_IT0_IRQHandler
                0x0000000008003c28                LPUART1_IRQHandler
                0x0000000008003c28                DMA2_Channel6_IRQHandler
                0x0000000008003c28                FDCAN1_IT0_IRQHandler
                0x0000000008003c28                TIM2_IRQHandler
                0x0000000008003c28                COMP7_IRQHandler
                0x0000000008003c28                EXTI1_IRQHandler
                0x0000000008003c28                USART2_IRQHandler
                0x0000000008003c28                COMP4_5_6_IRQHandler
                0x0000000008003c28                TIM20_BRK_IRQHandler
                0x0000000008003c28                I2C2_ER_IRQHandler
                0x0000000008003c28                DMA1_Channel2_IRQHandler
                0x0000000008003c28                TIM8_BRK_IRQHandler
                0x0000000008003c28                FLASH_IRQHandler
                0x0000000008003c28                TIM20_CC_IRQHandler
                0x0000000008003c28                USART1_IRQHandler
                0x0000000008003c28                SPI3_IRQHandler
                0x0000000008003c28                I2C1_ER_IRQHandler
                0x0000000008003c28                FMC_IRQHandler
                0x0000000008003c28                LPTIM1_IRQHandler
                0x0000000008003c28                DMAMUX_OVR_IRQHandler
                0x0000000008003c28                I2C4_ER_IRQHandler
                0x0000000008003c28                USBWakeUp_IRQHandler
                0x0000000008003c28                SAI1_IRQHandler
                0x0000000008003c28                DMA2_Channel3_IRQHandler
                0x0000000008003c28                TIM1_BRK_TIM15_IRQHandler
 *(.glue_7)
 .glue_7        0x0000000008003c2a        0x0 linker stubs
 *(.glue_7t)
 .glue_7t       0x0000000008003c2a        0x0 linker stubs
 *(.eh_frame)
 *fill*         0x0000000008003c2a        0x2 
 .eh_frame      0x0000000008003c2c        0x0 /usr/lib/gcc/arm-none-eabi/9.2.1/thumb/v7e-m+fp/hard/crtbegin.o
 *(.init)
 .init          0x0000000008003c2c        0x4 /usr/lib/gcc/arm-none-eabi/9.2.1/thumb/v7e-m+fp/hard/crti.o
                0x0000000008003c2c                _init
 .init          0x0000000008003c30        0x8 /usr/lib/gcc/arm-none-eabi/9.2.1/thumb/v7e-m+fp/hard/crtn.o
 *(.fini)
 .fini          0x0000000008003c38        0x4 /usr/lib/gcc/arm-none-eabi/9.2.1/thumb/v7e-m+fp/hard/crti.o
                0x0000000008003c38                _fini
 .fini          0x0000000008003c3c        0x8 /usr/lib/gcc/arm-none-eabi/9.2.1/thumb/v7e-m+fp/hard/crtn.o
                0x0000000008003c44                . = ALIGN (0x4)
                0x0000000008003c44                _etext = .

.vfp11_veneer   0x0000000008003c44        0x0
 .vfp11_veneer  0x0000000008003c44        0x0 linker stubs

.v4_bx          0x0000000008003c44        0x0
 .v4_bx         0x0000000008003c44        0x0 linker stubs

.iplt           0x0000000008003c44        0x0
 .iplt          0x0000000008003c44        0x0 /usr/lib/gcc/arm-none-eabi/9.2.1/thumb/v7e-m+fp/hard/crtbegin.o

.rodata         0x0000000008003c44       0x64
                0x0000000008003c44                . = ALIGN (0x4)
 *(.rodata)
 *(.rodata*)
 .rodata.USBD_CDC_ProductStrDescriptor.str1.4
                0x0000000008003c44       0x21 build/usbd_desc.o
 *fill*         0x0000000008003c65        0x3 
 .rodata.USBD_CDC_ManufacturerStrDescriptor.str1.4
                0x0000000008003c68       0x13 build/usbd_desc.o
 *fill*         0x0000000008003c7b        0x1 
 .rodata.USBD_CDC_ConfigStrDescriptor.str1.4
                0x0000000008003c7c        0xb build/usbd_desc.o
 *fill*         0x0000000008003c87        0x1 
 .rodata.USBD_CDC_InterfaceStrDescriptor.str1.4
                0x0000000008003c88        0xe build/usbd_desc.o
 *fill*         0x0000000008003c96        0x2 
 .rodata.AHBPrescTable
                0x0000000008003c98       0x10 build/system_stm32g4xx.o
                0x0000000008003c98                AHBPrescTable
                0x0000000008003ca8                . = ALIGN (0x4)

.rel.dyn        0x0000000008003ca8        0x0
 .rel.iplt      0x0000000008003ca8        0x0 /usr/lib/gcc/arm-none-eabi/9.2.1/thumb/v7e-m+fp/hard/crtbegin.o

.ARM.extab
 *(.ARM.extab* .gnu.linkonce.armextab.*)

.ARM            0x0000000008003ca8        0x0
                0x0000000008003ca8                __exidx_start = .
 *(.ARM.exidx*)
                0x0000000008003ca8                __exidx_end = .

.preinit_array  0x0000000008003ca8        0x0
                0x0000000008003ca8                PROVIDE (__preinit_array_start = .)
 *(.preinit_array*)
                0x0000000008003ca8                PROVIDE (__preinit_array_end = .)

.init_array     0x0000000008003ca8        0x4
                0x0000000008003ca8                PROVIDE (__init_array_start = .)
 *(SORT_BY_NAME(.init_array.*))
 *(.init_array*)
 .init_array    0x0000000008003ca8        0x4 /usr/lib/gcc/arm-none-eabi/9.2.1/thumb/v7e-m+fp/hard/crtbegin.o
                0x0000000008003cac                PROVIDE (__init_array_end = .)

.fini_array     0x0000000008003cac        0x4
                0x0000000008003cac                PROVIDE (__fini_array_start = .)
 *(SORT_BY_NAME(.fini_array.*))
 *(.fini_array*)
 .fini_array    0x0000000008003cac        0x4 /usr/lib/gcc/arm-none-eabi/9.2.1/thumb/v7e-m+fp/hard/crtbegin.o
                0x0000000008003cb0                PROVIDE (__fini_array_end = .)
                0x0000000008003cb0                _sidata = LOADADDR (.data)

.data           0x0000000020000000      0x184 load address 0x0000000008003cb0
                0x0000000020000000                . = ALIGN (0x4)
                0x0000000020000000                _sdata = .
 *(.data)
 *(.data*)
 .data.uwTickFreq
                0x0000000020000000        0x4 build/stm32g4xx_hal.o
                0x0000000020000000                uwTickFreq
 .data.uwTickPrio
                0x0000000020000004        0x4 build/stm32g4xx_hal.o
                0x0000000020000004                uwTickPrio
 .data.USBD_CDC
                0x0000000020000008       0x38 build/usbd_cdc.o
                0x0000000020000008                USBD_CDC
 .data.USBD_CDC_CfgFSDesc
                0x0000000020000040       0x43 build/usbd_cdc.o
                0x0000000020000040                USBD_CDC_CfgFSDesc
 *fill*         0x0000000020000083        0x1 
 .data.USBD_CDC_CfgHSDesc
                0x0000000020000084       0x43 build/usbd_cdc.o
                0x0000000020000084                USBD_CDC_CfgHSDesc
 *fill*         0x00000000200000c7        0x1 
 .data.USBD_CDC_DeviceQualifierDesc
                0x00000000200000c8        0xa build/usbd_cdc.o
 *fill*         0x00000000200000d2        0x2 
 .data.USBD_CDC_OtherSpeedCfgDesc
                0x00000000200000d4       0x43 build/usbd_cdc.o
                0x00000000200000d4                USBD_CDC_OtherSpeedCfgDesc
 *fill*         0x0000000020000117        0x1 
 .data.LineCoding
                0x0000000020000118        0x8 build/usbd_cdc_if.o
                0x0000000020000118                LineCoding
 .data.USBD_Interface_fops_FS
                0x0000000020000120       0x10 build/usbd_cdc_if.o
                0x0000000020000120                USBD_Interface_fops_FS
 .data.CDC_Desc
                0x0000000020000130       0x1c build/usbd_desc.o
                0x0000000020000130                CDC_Desc
 .data.USBD_CDC_DeviceDesc
                0x000000002000014c       0x12 build/usbd_desc.o
                0x000000002000014c                USBD_CDC_DeviceDesc
 *fill*         0x000000002000015e        0x2 
 .data.USBD_LangIDDesc
                0x0000000020000160        0x4 build/usbd_desc.o
                0x0000000020000160                USBD_LangIDDesc
 .data.USBD_StringSerial
                0x0000000020000164       0x1a build/usbd_desc.o
                0x0000000020000164                USBD_StringSerial
 *fill*         0x000000002000017e        0x2 
 .data.SystemCoreClock
                0x0000000020000180        0x4 build/system_stm32g4xx.o
                0x0000000020000180                SystemCoreClock
                0x0000000020000184                . = ALIGN (0x4)
                0x0000000020000184                _edata = .

.tm_clone_table
                0x0000000020000184        0x0 load address 0x0000000008003e34
 .tm_clone_table
                0x0000000020000184        0x0 /usr/lib/gcc/arm-none-eabi/9.2.1/thumb/v7e-m+fp/hard/crtbegin.o
 .tm_clone_table
                0x0000000020000184        0x0 /usr/lib/gcc/arm-none-eabi/9.2.1/thumb/v7e-m+fp/hard/crtend.o

.igot.plt       0x0000000020000184        0x0 load address 0x0000000008003e34
 .igot.plt      0x0000000020000184        0x0 /usr/lib/gcc/arm-none-eabi/9.2.1/thumb/v7e-m+fp/hard/crtbegin.o
                0x0000000020000184                . = ALIGN (0x4)

.bss            0x0000000020000184     0x199c load address 0x0000000008003e34
                0x0000000020000184                _sbss = .
                0x0000000020000184                __bss_start__ = _sbss
 *(.bss)
 .bss           0x0000000020000184       0x1c /usr/lib/gcc/arm-none-eabi/9.2.1/thumb/v7e-m+fp/hard/crtbegin.o
 *(.bss*)
 .bss.cfgidx.11024
                0x00000000200001a0        0x1 build/usbd_ctlreq.o
 *fill*         0x00000000200001a1        0x3 
 .bss.mem.11097
                0x00000000200001a4      0x220 build/usbd_conf.o
 *(COMMON)
 COMMON         0x00000000200003c4      0x41c build/main.o
                0x00000000200003c4                hdac2
                0x00000000200003d8                hdac1
                0x00000000200003ec                hdma_hrtim1_a
                0x000000002000044c                hcomp1
                0x0000000020000470                hhrtim1
                0x000000002000056c                hpcd_USB_FS
 COMMON         0x00000000200007e0        0x4 build/stm32g4xx_hal.o
                0x00000000200007e0                uwTick
 COMMON         0x00000000200007e4     0x1010 build/usbd_cdc_if.o
                0x00000000200007e4                BuffLength
                0x00000000200007e8                UserRxBufferFS
                0x0000000020000fe8                UserTxBufferFS
                0x00000000200017e8                UserTxBufPtrOut
                0x00000000200017ec                uwPrescalerValue
                0x00000000200017f0                UserTxBufPtrIn
 COMMON         0x00000000200017f4      0x2c8 build/usb_device.o
                0x00000000200017f4                hUsbDeviceFS
                0x0000000020001ab8                HID_Buffer
 COMMON         0x0000000020001abc       0x64 build/usbd_desc.o
                0x0000000020001abc                USBD_StrDesc
                0x0000000020001b20                . = ALIGN (0x4)
                0x0000000020001b20                _ebss = .
                0x0000000020001b20                __bss_end__ = _ebss

._user_heap_stack
                0x0000000020001b20      0x600 load address 0x0000000008003e34
                0x0000000020001b20                . = ALIGN (0x8)
                [!provide]                        PROVIDE (end = .)
                [!provide]                        PROVIDE (_end = .)
                0x0000000020001d20                . = (. + _Min_Heap_Size)
 *fill*         0x0000000020001b20      0x200 
                0x0000000020002120                . = (. + _Min_Stack_Size)
 *fill*         0x0000000020001d20      0x400 
                0x0000000020002120                . = ALIGN (0x8)

/DISCARD/
 libc.a(*)
 libm.a(*)
 libgcc.a(*)

.ARM.attributes
                0x0000000000000000       0x30
 *(.ARM.attributes)
 .ARM.attributes
                0x0000000000000000       0x1e /usr/lib/gcc/arm-none-eabi/9.2.1/thumb/v7e-m+fp/hard/crti.o
 .ARM.attributes
                0x000000000000001e       0x34 /usr/lib/gcc/arm-none-eabi/9.2.1/thumb/v7e-m+fp/hard/crtbegin.o
 .ARM.attributes
                0x0000000000000052       0x34 build/main.o
 .ARM.attributes
                0x0000000000000086       0x34 build/stm32g4xx_it.o
 .ARM.attributes
                0x00000000000000ba       0x34 build/stm32g4xx_hal_msp.o
 .ARM.attributes
                0x00000000000000ee       0x34 build/stm32g4xx_hal_gpio.o
 .ARM.attributes
                0x0000000000000122       0x34 build/stm32g4xx_hal_comp.o
 .ARM.attributes
                0x0000000000000156       0x34 build/stm32g4xx_hal.o
 .ARM.attributes
                0x000000000000018a       0x34 build/stm32g4xx_hal_rcc.o
 .ARM.attributes
                0x00000000000001be       0x34 build/stm32g4xx_hal_rcc_ex.o
 .ARM.attributes
                0x00000000000001f2       0x34 build/stm32g4xx_hal_dma.o
 .ARM.attributes
                0x0000000000000226       0x34 build/stm32g4xx_hal_pwr_ex.o
 .ARM.attributes
                0x000000000000025a       0x34 build/stm32g4xx_hal_cortex.o
 .ARM.attributes
                0x000000000000028e       0x34 build/stm32g4xx_hal_pcd.o
 .ARM.attributes
                0x00000000000002c2       0x34 build/stm32g4xx_hal_pcd_ex.o
 .ARM.attributes
                0x00000000000002f6       0x34 build/stm32g4xx_ll_usb.o
 .ARM.attributes
                0x000000000000032a       0x34 build/usbd_cdc.o
 .ARM.attributes
                0x000000000000035e       0x34 build/usbd_core.o
 .ARM.attributes
                0x0000000000000392       0x34 build/usbd_ctlreq.o
 .ARM.attributes
                0x00000000000003c6       0x34 build/usbd_ioreq.o
 .ARM.attributes
                0x00000000000003fa       0x34 build/usbd_cdc_if.o
 .ARM.attributes
                0x000000000000042e       0x34 build/usb_device.o
 .ARM.attributes
                0x0000000000000462       0x34 build/usbd_conf.o
 .ARM.attributes
                0x0000000000000496       0x34 build/usbd_desc.o
 .ARM.attributes
                0x00000000000004ca       0x34 build/system_stm32g4xx.o
 .ARM.attributes
                0x00000000000004fe       0x21 build/startup_stm32g474xx.o
 .ARM.attributes
                0x000000000000051f       0x34 /usr/lib/gcc/arm-none-eabi/9.2.1/../../../arm-none-eabi/lib/thumb/v7e-m+fp/hard/libc_nano.a(lib_a-init.o)
 .ARM.attributes
                0x0000000000000553       0x34 /usr/lib/gcc/arm-none-eabi/9.2.1/../../../arm-none-eabi/lib/thumb/v7e-m+fp/hard/libc_nano.a(lib_a-memset.o)
 .ARM.attributes
                0x0000000000000587       0x32 /usr/lib/gcc/arm-none-eabi/9.2.1/thumb/v7e-m+fp/hard/crtend.o
 .ARM.attributes
                0x00000000000005b9       0x1e /usr/lib/gcc/arm-none-eabi/9.2.1/thumb/v7e-m+fp/hard/crtn.o
OUTPUT(build/tdr_firmware.elf elf32-littlearm)
LOAD linker stubs
LOAD /usr/lib/gcc/arm-none-eabi/9.2.1/../../../arm-none-eabi/lib/thumb/v7e-m+fp/hard/libc.a
LOAD /usr/lib/gcc/arm-none-eabi/9.2.1/../../../arm-none-eabi/lib/thumb/v7e-m+fp/hard/libm.a
LOAD /usr/lib/gcc/arm-none-eabi/9.2.1/thumb/v7e-m+fp/hard/libgcc.a

.comment        0x0000000000000000       0xa7
 .comment       0x0000000000000000       0x59 /usr/lib/gcc/arm-none-eabi/9.2.1/thumb/v7e-m+fp/hard/crtbegin.o
                                         0x5a (size before relaxing)
 .comment       0x0000000000000059       0x5a build/main.o
 .comment       0x0000000000000059       0x5a build/stm32g4xx_it.o
 .comment       0x0000000000000059       0x5a build/stm32g4xx_hal_msp.o
 .comment       0x0000000000000059       0x5a build/stm32g4xx_hal_gpio.o
 .comment       0x0000000000000059       0x5a build/stm32g4xx_hal_comp.o
 .comment       0x0000000000000059       0x5a build/stm32g4xx_hal.o
 .comment       0x0000000000000059       0x5a build/stm32g4xx_hal_rcc.o
 .comment       0x0000000000000059       0x5a build/stm32g4xx_hal_rcc_ex.o
 .comment       0x0000000000000059       0x5a build/stm32g4xx_hal_dma.o
 .comment       0x0000000000000059       0x5a build/stm32g4xx_hal_pwr_ex.o
 .comment       0x0000000000000059       0x5a build/stm32g4xx_hal_cortex.o
 .comment       0x0000000000000059       0x5a build/stm32g4xx_hal_pcd.o
 .comment       0x0000000000000059       0x5a build/stm32g4xx_hal_pcd_ex.o
 .comment       0x0000000000000059       0x5a build/stm32g4xx_ll_usb.o
 .comment       0x0000000000000059       0x5a build/usbd_cdc.o
 .comment       0x0000000000000059       0x5a build/usbd_core.o
 .comment       0x0000000000000059       0x5a build/usbd_ctlreq.o
 .comment       0x0000000000000059       0x5a build/usbd_ioreq.o
 .comment       0x0000000000000059       0x5a build/usbd_cdc_if.o
 .comment       0x0000000000000059       0x5a build/usb_device.o
 .comment       0x0000000000000059       0x5a build/usbd_conf.o
 .comment       0x0000000000000059       0x5a build/usbd_desc.o
 .comment       0x0000000000000059       0x5a build/system_stm32g4xx.o
 .comment       0x0000000000000059       0x4e /usr/lib/gcc/arm-none-eabi/9.2.1/../../../arm-none-eabi/lib/thumb/v7e-m+fp/hard/libc_nano.a(lib_a-init.o)
                                         0x4f (size before relaxing)
 .comment       0x00000000000000a7       0x4f /usr/lib/gcc/arm-none-eabi/9.2.1/../../../arm-none-eabi/lib/thumb/v7e-m+fp/hard/libc_nano.a(lib_a-memset.o)
 .comment       0x00000000000000a7       0x5a /usr/lib/gcc/arm-none-eabi/9.2.1/thumb/v7e-m+fp/hard/crtend.o

.debug_info     0x0000000000000000    0x228ae
 .debug_info    0x0000000000000000     0x3329 build/main.o
 .debug_info    0x0000000000003329     0x1cdd build/stm32g4xx_it.o
 .debug_info    0x0000000000005006     0x2c94 build/stm32g4xx_hal_msp.o
 .debug_info    0x0000000000007c9a      0xae6 build/stm32g4xx_hal_gpio.o
 .debug_info    0x0000000000008780      0xea7 build/stm32g4xx_hal_comp.o
 .debug_info    0x0000000000009627      0xedf build/stm32g4xx_hal.o
 .debug_info    0x000000000000a506     0x1187 build/stm32g4xx_hal_rcc.o
 .debug_info    0x000000000000b68d     0x127b build/stm32g4xx_hal_rcc_ex.o
 .debug_info    0x000000000000c908      0xca4 build/stm32g4xx_hal_dma.o
 .debug_info    0x000000000000d5ac      0xcda build/stm32g4xx_hal_pwr_ex.o
 .debug_info    0x000000000000e286     0x1387 build/stm32g4xx_hal_cortex.o
 .debug_info    0x000000000000f60d     0x1689 build/stm32g4xx_hal_pcd.o
 .debug_info    0x0000000000010c96      0xc1b build/stm32g4xx_hal_pcd_ex.o
 .debug_info    0x00000000000118b1     0x1b13 build/stm32g4xx_ll_usb.o
 .debug_info    0x00000000000133c4     0x2076 build/usbd_cdc.o
 .debug_info    0x000000000001543a     0x19cb build/usbd_core.o
 .debug_info    0x0000000000016e05     0x1ca1 build/usbd_ctlreq.o
 .debug_info    0x0000000000018aa6     0x13ef build/usbd_ioreq.o
 .debug_info    0x0000000000019e95     0x1557 build/usbd_cdc_if.o
 .debug_info    0x000000000001b3ec     0x1d11 build/usb_device.o
 .debug_info    0x000000000001d0fd     0x2e00 build/usbd_conf.o
 .debug_info    0x000000000001fefd     0x119c build/usbd_desc.o
 .debug_info    0x0000000000021099      0x7b8 build/system_stm32g4xx.o
 .debug_info    0x0000000000021851       0x22 build/startup_stm32g474xx.o
 .debug_info    0x0000000000021873      0x11a /usr/lib/gcc/arm-none-eabi/9.2.1/../../../arm-none-eabi/lib/thumb/v7e-m+fp/hard/libc_nano.a(lib_a-init.o)
 .debug_info    0x000000000002198d      0xf21 /usr/lib/gcc/arm-none-eabi/9.2.1/../../../arm-none-eabi/lib/thumb/v7e-m+fp/hard/libc_nano.a(lib_a-memset.o)

.debug_abbrev   0x0000000000000000     0x4371
 .debug_abbrev  0x0000000000000000      0x32a build/main.o
 .debug_abbrev  0x000000000000032a      0x236 build/stm32g4xx_it.o
 .debug_abbrev  0x0000000000000560      0x2f5 build/stm32g4xx_hal_msp.o
 .debug_abbrev  0x0000000000000855      0x24f build/stm32g4xx_hal_gpio.o
 .debug_abbrev  0x0000000000000aa4      0x2bf build/stm32g4xx_hal_comp.o
 .debug_abbrev  0x0000000000000d63      0x269 build/stm32g4xx_hal.o
 .debug_abbrev  0x0000000000000fcc      0x2ac build/stm32g4xx_hal_rcc.o
 .debug_abbrev  0x0000000000001278      0x28f build/stm32g4xx_hal_rcc_ex.o
 .debug_abbrev  0x0000000000001507      0x290 build/stm32g4xx_hal_dma.o
 .debug_abbrev  0x0000000000001797      0x277 build/stm32g4xx_hal_pwr_ex.o
 .debug_abbrev  0x0000000000001a0e      0x39f build/stm32g4xx_hal_cortex.o
 .debug_abbrev  0x0000000000001dad      0x316 build/stm32g4xx_hal_pcd.o
 .debug_abbrev  0x00000000000020c3      0x26a build/stm32g4xx_hal_pcd_ex.o
 .debug_abbrev  0x000000000000232d      0x33d build/stm32g4xx_ll_usb.o
 .debug_abbrev  0x000000000000266a      0x39a build/usbd_cdc.o
 .debug_abbrev  0x0000000000002a04      0x334 build/usbd_core.o
 .debug_abbrev  0x0000000000002d38      0x387 build/usbd_ctlreq.o
 .debug_abbrev  0x00000000000030bf      0x229 build/usbd_ioreq.o
 .debug_abbrev  0x00000000000032e8      0x32b build/usbd_cdc_if.o
 .debug_abbrev  0x0000000000003613      0x28a build/usb_device.o
 .debug_abbrev  0x000000000000389d      0x39c build/usbd_conf.o
 .debug_abbrev  0x0000000000003c39      0x317 build/usbd_desc.o
 .debug_abbrev  0x0000000000003f50      0x16a build/system_stm32g4xx.o
 .debug_abbrev  0x00000000000040ba       0x12 build/startup_stm32g474xx.o
 .debug_abbrev  0x00000000000040cc       0xcc /usr/lib/gcc/arm-none-eabi/9.2.1/../../../arm-none-eabi/lib/thumb/v7e-m+fp/hard/libc_nano.a(lib_a-init.o)
 .debug_abbrev  0x0000000000004198      0x1d9 /usr/lib/gcc/arm-none-eabi/9.2.1/../../../arm-none-eabi/lib/thumb/v7e-m+fp/hard/libc_nano.a(lib_a-memset.o)

.debug_loc      0x0000000000000000     0xbbd0
 .debug_loc     0x0000000000000000       0xe9 build/main.o
 .debug_loc     0x00000000000000e9       0x80 build/stm32g4xx_it.o
 .debug_loc     0x0000000000000169      0x34a build/stm32g4xx_hal_msp.o
 .debug_loc     0x00000000000004b3      0x3e2 build/stm32g4xx_hal_gpio.o
 .debug_loc     0x0000000000000895      0x7c5 build/stm32g4xx_hal_comp.o
 .debug_loc     0x000000000000105a      0x296 build/stm32g4xx_hal.o
 .debug_loc     0x00000000000012f0      0x916 build/stm32g4xx_hal_rcc.o
 .debug_loc     0x0000000000001c06     0x166f build/stm32g4xx_hal_rcc_ex.o
 .debug_loc     0x0000000000003275      0x9d0 build/stm32g4xx_hal_dma.o
 .debug_loc     0x0000000000003c45      0xa43 build/stm32g4xx_hal_pwr_ex.o
 .debug_loc     0x0000000000004688      0x7c6 build/stm32g4xx_hal_cortex.o
 .debug_loc     0x0000000000004e4e      0xe52 build/stm32g4xx_hal_pcd.o
 .debug_loc     0x0000000000005ca0      0x2a2 build/stm32g4xx_hal_pcd_ex.o
 .debug_loc     0x0000000000005f42     0x1491 build/stm32g4xx_ll_usb.o
 .debug_loc     0x00000000000073d3      0xa0f build/usbd_cdc.o
 .debug_loc     0x0000000000007de2      0xaf6 build/usbd_core.o
 .debug_loc     0x00000000000088d8     0x1631 build/usbd_ctlreq.o
 .debug_loc     0x0000000000009f09      0x364 build/usbd_ioreq.o
 .debug_loc     0x000000000000a26d      0x1f6 build/usbd_cdc_if.o
 .debug_loc     0x000000000000a463       0x66 build/usb_device.o
 .debug_loc     0x000000000000a4c9      0xf11 build/usbd_conf.o
 .debug_loc     0x000000000000b3da      0x47b build/usbd_desc.o
 .debug_loc     0x000000000000b855       0x90 build/system_stm32g4xx.o
 .debug_loc     0x000000000000b8e5       0xba /usr/lib/gcc/arm-none-eabi/9.2.1/../../../arm-none-eabi/lib/thumb/v7e-m+fp/hard/libc_nano.a(lib_a-init.o)
 .debug_loc     0x000000000000b99f      0x231 /usr/lib/gcc/arm-none-eabi/9.2.1/../../../arm-none-eabi/lib/thumb/v7e-m+fp/hard/libc_nano.a(lib_a-memset.o)

.debug_aranges  0x0000000000000000      0xde8
 .debug_aranges
                0x0000000000000000       0x48 build/main.o
 .debug_aranges
                0x0000000000000048       0x78 build/stm32g4xx_it.o
 .debug_aranges
                0x00000000000000c0       0x58 build/stm32g4xx_hal_msp.o
 .debug_aranges
                0x0000000000000118       0x58 build/stm32g4xx_hal_gpio.o
 .debug_aranges
                0x0000000000000170       0x78 build/stm32g4xx_hal_comp.o
 .debug_aranges
                0x00000000000001e8      0x130 build/stm32g4xx_hal.o
 .debug_aranges
                0x0000000000000318       0x98 build/stm32g4xx_hal_rcc.o
 .debug_aranges
                0x00000000000003b0       0xb0 build/stm32g4xx_hal_rcc_ex.o
 .debug_aranges
                0x0000000000000460       0x90 build/stm32g4xx_hal_dma.o
 .debug_aranges
                0x00000000000004f0      0x140 build/stm32g4xx_hal_pwr_ex.o
 .debug_aranges
                0x0000000000000630       0xa8 build/stm32g4xx_hal_cortex.o
 .debug_aranges
                0x00000000000006d8      0x120 build/stm32g4xx_hal_pcd.o
 .debug_aranges
                0x00000000000007f8       0x58 build/stm32g4xx_hal_pcd_ex.o
 .debug_aranges
                0x0000000000000850      0x108 build/stm32g4xx_ll_usb.o
 .debug_aranges
                0x0000000000000958       0x90 build/usbd_cdc.o
 .debug_aranges
                0x00000000000009e8       0xb8 build/usbd_core.o
 .debug_aranges
                0x0000000000000aa0       0x88 build/usbd_ctlreq.o
 .debug_aranges
                0x0000000000000b28       0x50 build/usbd_ioreq.o
 .debug_aranges
                0x0000000000000b78       0x40 build/usbd_cdc_if.o
 .debug_aranges
                0x0000000000000bb8       0x28 build/usb_device.o
 .debug_aranges
                0x0000000000000be0      0x118 build/usbd_conf.o
 .debug_aranges
                0x0000000000000cf8       0x60 build/usbd_desc.o
 .debug_aranges
                0x0000000000000d58       0x28 build/system_stm32g4xx.o
 .debug_aranges
                0x0000000000000d80       0x28 build/startup_stm32g474xx.o
 .debug_aranges
                0x0000000000000da8       0x20 /usr/lib/gcc/arm-none-eabi/9.2.1/../../../arm-none-eabi/lib/thumb/v7e-m+fp/hard/libc_nano.a(lib_a-init.o)
 .debug_aranges
                0x0000000000000dc8       0x20 /usr/lib/gcc/arm-none-eabi/9.2.1/../../../arm-none-eabi/lib/thumb/v7e-m+fp/hard/libc_nano.a(lib_a-memset.o)

.debug_ranges   0x0000000000000000      0xe28
 .debug_ranges  0x0000000000000000       0x38 build/main.o
 .debug_ranges  0x0000000000000038       0x68 build/stm32g4xx_it.o
 .debug_ranges  0x00000000000000a0       0x48 build/stm32g4xx_hal_msp.o
 .debug_ranges  0x00000000000000e8       0x48 build/stm32g4xx_hal_gpio.o
 .debug_ranges  0x0000000000000130       0x80 build/stm32g4xx_hal_comp.o
 .debug_ranges  0x00000000000001b0      0x120 build/stm32g4xx_hal.o
 .debug_ranges  0x00000000000002d0       0xa0 build/stm32g4xx_hal_rcc.o
 .debug_ranges  0x0000000000000370       0xb8 build/stm32g4xx_hal_rcc_ex.o
 .debug_ranges  0x0000000000000428       0x80 build/stm32g4xx_hal_dma.o
 .debug_ranges  0x00000000000004a8      0x130 build/stm32g4xx_hal_pwr_ex.o
 .debug_ranges  0x00000000000005d8       0xf8 build/stm32g4xx_hal_cortex.o
 .debug_ranges  0x00000000000006d0      0x140 build/stm32g4xx_hal_pcd.o
 .debug_ranges  0x0000000000000810       0x48 build/stm32g4xx_hal_pcd_ex.o
 .debug_ranges  0x0000000000000858      0x218 build/stm32g4xx_ll_usb.o
 .debug_ranges  0x0000000000000a70       0x80 build/usbd_cdc.o
 .debug_ranges  0x0000000000000af0       0xa8 build/usbd_core.o
 .debug_ranges  0x0000000000000b98       0x78 build/usbd_ctlreq.o
 .debug_ranges  0x0000000000000c10       0x40 build/usbd_ioreq.o
 .debug_ranges  0x0000000000000c50       0x30 build/usbd_cdc_if.o
 .debug_ranges  0x0000000000000c80       0x18 build/usb_device.o
 .debug_ranges  0x0000000000000c98      0x108 build/usbd_conf.o
 .debug_ranges  0x0000000000000da0       0x50 build/usbd_desc.o
 .debug_ranges  0x0000000000000df0       0x18 build/system_stm32g4xx.o
 .debug_ranges  0x0000000000000e08       0x20 build/startup_stm32g474xx.o

.debug_line     0x0000000000000000     0xc0eb
 .debug_line    0x0000000000000000      0x55f build/main.o
 .debug_line    0x000000000000055f      0x3e9 build/stm32g4xx_it.o
 .debug_line    0x0000000000000948      0x5bf build/stm32g4xx_hal_msp.o
 .debug_line    0x0000000000000f07      0x654 build/stm32g4xx_hal_gpio.o
 .debug_line    0x000000000000155b      0x907 build/stm32g4xx_hal_comp.o
 .debug_line    0x0000000000001e62      0x60a build/stm32g4xx_hal.o
 .debug_line    0x000000000000246c      0xd70 build/stm32g4xx_hal_rcc.o
 .debug_line    0x00000000000031dc     0x121c build/stm32g4xx_hal_rcc_ex.o
 .debug_line    0x00000000000043f8      0xc12 build/stm32g4xx_hal_dma.o
 .debug_line    0x000000000000500a      0xa17 build/stm32g4xx_hal_pwr_ex.o
 .debug_line    0x0000000000005a21      0x728 build/stm32g4xx_hal_cortex.o
 .debug_line    0x0000000000006149      0xf68 build/stm32g4xx_hal_pcd.o
 .debug_line    0x00000000000070b1      0x3eb build/stm32g4xx_hal_pcd_ex.o
 .debug_line    0x000000000000749c     0x136d build/stm32g4xx_ll_usb.o
 .debug_line    0x0000000000008809      0x811 build/usbd_cdc.o
 .debug_line    0x000000000000901a      0x7e5 build/usbd_core.o
 .debug_line    0x00000000000097ff      0xbc3 build/usbd_ctlreq.o
 .debug_line    0x000000000000a3c2      0x35c build/usbd_ioreq.o
 .debug_line    0x000000000000a71e      0x3a7 build/usbd_cdc_if.o
 .debug_line    0x000000000000aac5      0x395 build/usb_device.o
 .debug_line    0x000000000000ae5a      0x85b build/usbd_conf.o
 .debug_line    0x000000000000b6b5      0x42d build/usbd_desc.o
 .debug_line    0x000000000000bae2      0x21a build/system_stm32g4xx.o
 .debug_line    0x000000000000bcfc       0x77 build/startup_stm32g474xx.o
 .debug_line    0x000000000000bd73      0x10d /usr/lib/gcc/arm-none-eabi/9.2.1/../../../arm-none-eabi/lib/thumb/v7e-m+fp/hard/libc_nano.a(lib_a-init.o)
 .debug_line    0x000000000000be80      0x26b /usr/lib/gcc/arm-none-eabi/9.2.1/../../../arm-none-eabi/lib/thumb/v7e-m+fp/hard/libc_nano.a(lib_a-memset.o)

.debug_str      0x0000000000000000     0x5748
 .debug_str     0x0000000000000000     0x21c6 build/main.o
                                       0x237c (size before relaxing)
 .debug_str     0x00000000000021c6      0x129 build/stm32g4xx_it.o
                                       0x135c (size before relaxing)
 .debug_str     0x00000000000022ef      0x19a build/stm32g4xx_hal_msp.o
                                       0x1e28 (size before relaxing)
 .debug_str     0x0000000000002489      0x166 build/stm32g4xx_hal_gpio.o
                                        0x72c (size before relaxing)
 .debug_str     0x00000000000025ef      0x35a build/stm32g4xx_hal_comp.o
                                        0x8e3 (size before relaxing)
 .debug_str     0x0000000000002949      0x3f9 build/stm32g4xx_hal.o
                                        0xfc6 (size before relaxing)
 .debug_str     0x0000000000002d42      0x26b build/stm32g4xx_hal_rcc.o
                                        0x9e6 (size before relaxing)
 .debug_str     0x0000000000002fad      0x384 build/stm32g4xx_hal_rcc_ex.o
                                        0xc51 (size before relaxing)
 .debug_str     0x0000000000003331      0x28d build/stm32g4xx_hal_dma.o
                                        0x961 (size before relaxing)
 .debug_str     0x00000000000035be      0x4e8 build/stm32g4xx_hal_pwr_ex.o
                                        0x9bb (size before relaxing)
 .debug_str     0x0000000000003aa6      0x423 build/stm32g4xx_hal_cortex.o
                                        0xf2f (size before relaxing)
 .debug_str     0x0000000000003ec9      0x4b6 build/stm32g4xx_hal_pcd.o
                                        0xbec (size before relaxing)
 .debug_str     0x000000000000437f      0x196 build/stm32g4xx_hal_pcd_ex.o
                                        0x915 (size before relaxing)
 .debug_str     0x0000000000004515      0x1e5 build/stm32g4xx_ll_usb.o
                                        0x91c (size before relaxing)
 .debug_str     0x00000000000046fa      0x362 build/usbd_cdc.o
                                       0x11ef (size before relaxing)
 .debug_str     0x0000000000004a5c      0x29d build/usbd_core.o
                                        0xe27 (size before relaxing)
 .debug_str     0x0000000000004cf9      0x11d build/usbd_ctlreq.o
                                        0xd41 (size before relaxing)
 .debug_str     0x0000000000004e16       0x4e build/usbd_ioreq.o
                                        0xc6e (size before relaxing)
 .debug_str     0x0000000000004e64      0x114 build/usbd_cdc_if.o
                                        0xd90 (size before relaxing)
 .debug_str     0x0000000000004f78       0x63 build/usb_device.o
                                       0x11e5 (size before relaxing)
 .debug_str     0x0000000000004fdb       0x89 build/usbd_conf.o
                                       0x1c0c (size before relaxing)
 .debug_str     0x0000000000005064      0x175 build/usbd_desc.o
                                        0xa50 (size before relaxing)
 .debug_str     0x00000000000051d9       0x38 build/system_stm32g4xx.o
                                        0x57b (size before relaxing)
 .debug_str     0x0000000000005211       0x22 build/startup_stm32g474xx.o
                                         0x49 (size before relaxing)
 .debug_str     0x0000000000005233      0x18e /usr/lib/gcc/arm-none-eabi/9.2.1/../../../arm-none-eabi/lib/thumb/v7e-m+fp/hard/libc_nano.a(lib_a-init.o)
                                        0x229 (size before relaxing)
 .debug_str     0x00000000000053c1      0x387 /usr/lib/gcc/arm-none-eabi/9.2.1/../../../arm-none-eabi/lib/thumb/v7e-m+fp/hard/libc_nano.a(lib_a-memset.o)
                                        0x90f (size before relaxing)

.debug_frame    0x0000000000000000     0x1fd4
 .debug_frame   0x0000000000000000       0xac build/main.o
 .debug_frame   0x00000000000000ac       0xf0 build/stm32g4xx_it.o
 .debug_frame   0x000000000000019c       0xf8 build/stm32g4xx_hal_msp.o
 .debug_frame   0x0000000000000294       0xd8 build/stm32g4xx_hal_gpio.o
 .debug_frame   0x000000000000036c      0x10c build/stm32g4xx_hal_comp.o
 .debug_frame   0x0000000000000478      0x274 build/stm32g4xx_hal.o
 .debug_frame   0x00000000000006ec      0x198 build/stm32g4xx_hal_rcc.o
 .debug_frame   0x0000000000000884      0x1a0 build/stm32g4xx_hal_rcc_ex.o
 .debug_frame   0x0000000000000a24      0x178 build/stm32g4xx_hal_dma.o
 .debug_frame   0x0000000000000b9c      0x268 build/stm32g4xx_hal_pwr_ex.o
 .debug_frame   0x0000000000000e04      0x15c build/stm32g4xx_hal_cortex.o
 .debug_frame   0x0000000000000f60      0x2fc build/stm32g4xx_hal_pcd.o
 .debug_frame   0x000000000000125c       0x9c build/stm32g4xx_hal_pcd_ex.o
 .debug_frame   0x00000000000012f8      0x254 build/stm32g4xx_ll_usb.o
 .debug_frame   0x000000000000154c      0x164 build/usbd_cdc.o
 .debug_frame   0x00000000000016b0      0x1c4 build/usbd_core.o
 .debug_frame   0x0000000000001874      0x178 build/usbd_ctlreq.o
 .debug_frame   0x00000000000019ec       0xb8 build/usbd_ioreq.o
 .debug_frame   0x0000000000001aa4       0x78 build/usbd_cdc_if.o
 .debug_frame   0x0000000000001b1c       0x48 build/usb_device.o
 .debug_frame   0x0000000000001b64      0x2fc build/usbd_conf.o
 .debug_frame   0x0000000000001e60       0xe0 build/usbd_desc.o
 .debug_frame   0x0000000000001f40       0x30 build/system_stm32g4xx.o
 .debug_frame   0x0000000000001f70       0x2c /usr/lib/gcc/arm-none-eabi/9.2.1/../../../arm-none-eabi/lib/thumb/v7e-m+fp/hard/libc_nano.a(lib_a-init.o)
 .debug_frame   0x0000000000001f9c       0x38 /usr/lib/gcc/arm-none-eabi/9.2.1/../../../arm-none-eabi/lib/thumb/v7e-m+fp/hard/libc_nano.a(lib_a-memset.o)

Cross Reference Table

Symbol                                            File
ADC1_2_IRQHandler                                 build/startup_stm32g474xx.o
ADC3_IRQHandler                                   build/startup_stm32g474xx.o
ADC4_IRQHandler                                   build/startup_stm32g474xx.o
ADC5_IRQHandler                                   build/startup_stm32g474xx.o
AHBPrescTable                                     build/system_stm32g4xx.o
                                                  build/stm32g4xx_hal_rcc.o
APBPrescTable                                     build/system_stm32g4xx.o
                                                  build/stm32g4xx_hal_rcc.o
BuffLength                                        build/usbd_cdc_if.o
BusFault_Handler                                  build/stm32g4xx_it.o
CDC_Desc                                          build/usbd_desc.o
                                                  build/usb_device.o
CDC_Transmit_FS                                   build/usbd_cdc_if.o
COMP1_2_3_IRQHandler                              build/stm32g4xx_it.o
COMP4_5_6_IRQHandler                              build/startup_stm32g474xx.o
COMP7_IRQHandler                                  build/startup_stm32g474xx.o
CORDIC_IRQHandler                                 build/startup_stm32g474xx.o
CRS_IRQHandler                                    build/startup_stm32g474xx.o
DAC_DMAConvCpltCh1                                build/stm32g4xx_hal_dac.o
                                                  build/stm32g4xx_hal_dac_ex.o
DAC_DMAConvCpltCh2                                build/stm32g4xx_hal_dac_ex.o
                                                  build/stm32g4xx_hal_dac.o
DAC_DMAErrorCh1                                   build/stm32g4xx_hal_dac.o
                                                  build/stm32g4xx_hal_dac_ex.o
DAC_DMAErrorCh2                                   build/stm32g4xx_hal_dac_ex.o
                                                  build/stm32g4xx_hal_dac.o
DAC_DMAHalfConvCpltCh1                            build/stm32g4xx_hal_dac.o
                                                  build/stm32g4xx_hal_dac_ex.o
DAC_DMAHalfConvCpltCh2                            build/stm32g4xx_hal_dac_ex.o
                                                  build/stm32g4xx_hal_dac.o
DMA1_Channel1_IRQHandler                          build/stm32g4xx_it.o
DMA1_Channel2_IRQHandler                          build/startup_stm32g474xx.o
DMA1_Channel3_IRQHandler                          build/startup_stm32g474xx.o
DMA1_Channel4_IRQHandler                          build/startup_stm32g474xx.o
DMA1_Channel5_IRQHandler                          build/startup_stm32g474xx.o
DMA1_Channel6_IRQHandler                          build/startup_stm32g474xx.o
DMA1_Channel7_IRQHandler                          build/startup_stm32g474xx.o
DMA1_Channel8_IRQHandler                          build/startup_stm32g474xx.o
DMA2_Channel1_IRQHandler                          build/startup_stm32g474xx.o
DMA2_Channel2_IRQHandler                          build/startup_stm32g474xx.o
DMA2_Channel3_IRQHandler                          build/startup_stm32g474xx.o
DMA2_Channel4_IRQHandler                          build/startup_stm32g474xx.o
DMA2_Channel5_IRQHandler                          build/startup_stm32g474xx.o
DMA2_Channel6_IRQHandler                          build/startup_stm32g474xx.o
DMA2_Channel7_IRQHandler                          build/startup_stm32g474xx.o
DMA2_Channel8_IRQHandler                          build/startup_stm32g474xx.o
DMAMUX_OVR_IRQHandler                             build/startup_stm32g474xx.o
DebugMon_Handler                                  build/stm32g4xx_it.o
Default_Handler                                   build/startup_stm32g474xx.o
EXTI0_IRQHandler                                  build/startup_stm32g474xx.o
EXTI15_10_IRQHandler                              build/startup_stm32g474xx.o
EXTI1_IRQHandler                                  build/startup_stm32g474xx.o
EXTI2_IRQHandler                                  build/startup_stm32g474xx.o
EXTI3_IRQHandler                                  build/startup_stm32g474xx.o
EXTI4_IRQHandler                                  build/startup_stm32g474xx.o
EXTI9_5_IRQHandler                                build/startup_stm32g474xx.o
Error_Handler                                     build/main.o
                                                  build/usbd_conf.o
                                                  build/usb_device.o
                                                  build/stm32g4xx_hal_msp.o
FDCAN1_IT0_IRQHandler                             build/startup_stm32g474xx.o
FDCAN1_IT1_IRQHandler                             build/startup_stm32g474xx.o
FDCAN2_IT0_IRQHandler                             build/startup_stm32g474xx.o
FDCAN2_IT1_IRQHandler                             build/startup_stm32g474xx.o
FDCAN3_IT0_IRQHandler                             build/startup_stm32g474xx.o
FDCAN3_IT1_IRQHandler                             build/startup_stm32g474xx.o
FLASH_FlushCaches                                 build/stm32g4xx_hal_flash_ex.o
                                                  build/stm32g4xx_hal_flash.o
FLASH_IRQHandler                                  build/startup_stm32g474xx.o
FLASH_PageErase                                   build/stm32g4xx_hal_flash_ex.o
                                                  build/stm32g4xx_hal_flash.o
FLASH_WaitForLastOperation                        build/stm32g4xx_hal_flash.o
                                                  build/stm32g4xx_hal_flash_ex.o
FMAC_IRQHandler                                   build/startup_stm32g474xx.o
FMC_IRQHandler                                    build/startup_stm32g474xx.o
FPU_IRQHandler                                    build/startup_stm32g474xx.o
HAL_COMP_DeInit                                   build/stm32g4xx_hal_comp.o
HAL_COMP_GetError                                 build/stm32g4xx_hal_comp.o
HAL_COMP_GetOutputLevel                           build/stm32g4xx_hal_comp.o
HAL_COMP_GetState                                 build/stm32g4xx_hal_comp.o
HAL_COMP_IRQHandler                               build/stm32g4xx_hal_comp.o
                                                  build/stm32g4xx_it.o
HAL_COMP_Init                                     build/stm32g4xx_hal_comp.o
HAL_COMP_Lock                                     build/stm32g4xx_hal_comp.o
HAL_COMP_MspDeInit                                build/stm32g4xx_hal_msp.o
HAL_COMP_MspInit                                  build/stm32g4xx_hal_msp.o
HAL_COMP_Start                                    build/stm32g4xx_hal_comp.o
HAL_COMP_Stop                                     build/stm32g4xx_hal_comp.o
HAL_COMP_TriggerCallback                          build/stm32g4xx_hal_comp.o
HAL_DACEx_ConvCpltCallbackCh2                     build/stm32g4xx_hal_dac_ex.o
HAL_DACEx_ConvHalfCpltCallbackCh2                 build/stm32g4xx_hal_dac_ex.o
HAL_DACEx_DMAUnderrunCallbackCh2                  build/stm32g4xx_hal_dac_ex.o
                                                  build/stm32g4xx_hal_dac.o
HAL_DACEx_DualGetValue                            build/stm32g4xx_hal_dac_ex.o
HAL_DACEx_DualSetValue                            build/stm32g4xx_hal_dac_ex.o
HAL_DACEx_DualStart                               build/stm32g4xx_hal_dac_ex.o
HAL_DACEx_DualStart_DMA                           build/stm32g4xx_hal_dac_ex.o
HAL_DACEx_DualStop                                build/stm32g4xx_hal_dac_ex.o
HAL_DACEx_DualStop_DMA                            build/stm32g4xx_hal_dac_ex.o
HAL_DACEx_ErrorCallbackCh2                        build/stm32g4xx_hal_dac_ex.o
HAL_DACEx_GetTrimOffset                           build/stm32g4xx_hal_dac_ex.o
HAL_DACEx_NoiseWaveGenerate                       build/stm32g4xx_hal_dac_ex.o
HAL_DACEx_SawtoothWaveDataReset                   build/stm32g4xx_hal_dac_ex.o
HAL_DACEx_SawtoothWaveDataStep                    build/stm32g4xx_hal_dac_ex.o
HAL_DACEx_SawtoothWaveGenerate                    build/stm32g4xx_hal_dac_ex.o
HAL_DACEx_SelfCalibrate                           build/stm32g4xx_hal_dac_ex.o
HAL_DACEx_SetUserTrimming                         build/stm32g4xx_hal_dac_ex.o
HAL_DACEx_TriangleWaveGenerate                    build/stm32g4xx_hal_dac_ex.o
HAL_DAC_ConfigChannel                             build/stm32g4xx_hal_dac.o
HAL_DAC_ConvCpltCallbackCh1                       build/stm32g4xx_hal_dac.o
HAL_DAC_ConvHalfCpltCallbackCh1                   build/stm32g4xx_hal_dac.o
HAL_DAC_DMAUnderrunCallbackCh1                    build/stm32g4xx_hal_dac.o
HAL_DAC_DeInit                                    build/stm32g4xx_hal_dac.o
HAL_DAC_ErrorCallbackCh1                          build/stm32g4xx_hal_dac.o
HAL_DAC_GetError                                  build/stm32g4xx_hal_dac.o
HAL_DAC_GetState                                  build/stm32g4xx_hal_dac.o
HAL_DAC_GetValue                                  build/stm32g4xx_hal_dac.o
HAL_DAC_IRQHandler                                build/stm32g4xx_hal_dac.o
HAL_DAC_Init                                      build/stm32g4xx_hal_dac.o
HAL_DAC_MspDeInit                                 build/stm32g4xx_hal_msp.o
HAL_DAC_MspInit                                   build/stm32g4xx_hal_msp.o
HAL_DAC_SetValue                                  build/stm32g4xx_hal_dac.o
HAL_DAC_Start                                     build/stm32g4xx_hal_dac.o
HAL_DAC_Start_DMA                                 build/stm32g4xx_hal_dac.o
HAL_DAC_Stop                                      build/stm32g4xx_hal_dac.o
HAL_DAC_Stop_DMA                                  build/stm32g4xx_hal_dac.o
HAL_DBGMCU_DisableDBGSleepMode                    build/stm32g4xx_hal.o
HAL_DBGMCU_DisableDBGStandbyMode                  build/stm32g4xx_hal.o
HAL_DBGMCU_DisableDBGStopMode                     build/stm32g4xx_hal.o
HAL_DBGMCU_EnableDBGSleepMode                     build/stm32g4xx_hal.o
HAL_DBGMCU_EnableDBGStandbyMode                   build/stm32g4xx_hal.o
HAL_DBGMCU_EnableDBGStopMode                      build/stm32g4xx_hal.o
HAL_DMAEx_ConfigMuxRequestGenerator               build/stm32g4xx_hal_dma_ex.o
HAL_DMAEx_ConfigMuxSync                           build/stm32g4xx_hal_dma_ex.o
HAL_DMAEx_DisableMuxRequestGenerator              build/stm32g4xx_hal_dma_ex.o
HAL_DMAEx_EnableMuxRequestGenerator               build/stm32g4xx_hal_dma_ex.o
HAL_DMAEx_MUX_IRQHandler                          build/stm32g4xx_hal_dma_ex.o
HAL_DMA_Abort                                     build/stm32g4xx_hal_dma.o
                                                  build/stm32g4xx_hal_hrtim.o
                                                  build/stm32g4xx_hal_dac_ex.o
                                                  build/stm32g4xx_hal_dac.o
HAL_DMA_Abort_IT                                  build/stm32g4xx_hal_dma.o
HAL_DMA_DeInit                                    build/stm32g4xx_hal_dma.o
                                                  build/stm32g4xx_hal_msp.o
HAL_DMA_GetError                                  build/stm32g4xx_hal_dma.o
HAL_DMA_GetState                                  build/stm32g4xx_hal_dma.o
HAL_DMA_IRQHandler                                build/stm32g4xx_hal_dma.o
                                                  build/stm32g4xx_it.o
HAL_DMA_Init                                      build/stm32g4xx_hal_dma.o
                                                  build/stm32g4xx_hal_msp.o
HAL_DMA_PollForTransfer                           build/stm32g4xx_hal_dma.o
HAL_DMA_RegisterCallback                          build/stm32g4xx_hal_dma.o
HAL_DMA_Start                                     build/stm32g4xx_hal_dma.o
HAL_DMA_Start_IT                                  build/stm32g4xx_hal_dma.o
                                                  build/stm32g4xx_hal_hrtim.o
                                                  build/stm32g4xx_hal_dac_ex.o
                                                  build/stm32g4xx_hal_dac.o
HAL_DMA_UnRegisterCallback                        build/stm32g4xx_hal_dma.o
HAL_DeInit                                        build/stm32g4xx_hal.o
HAL_Delay                                         build/stm32g4xx_hal.o
                                                  build/usbd_conf.o
                                                  build/stm32g4xx_hal_pcd_ex.o
                                                  build/stm32g4xx_hal_dac_ex.o
                                                  build/stm32g4xx_hal_dac.o
                                                  build/main.o
HAL_EXTI_ClearConfigLine                          build/stm32g4xx_hal_exti.o
HAL_EXTI_ClearPending                             build/stm32g4xx_hal_exti.o
HAL_EXTI_GenerateSWI                              build/stm32g4xx_hal_exti.o
HAL_EXTI_GetConfigLine                            build/stm32g4xx_hal_exti.o
HAL_EXTI_GetHandle                                build/stm32g4xx_hal_exti.o
HAL_EXTI_GetPending                               build/stm32g4xx_hal_exti.o
HAL_EXTI_IRQHandler                               build/stm32g4xx_hal_exti.o
HAL_EXTI_RegisterCallback                         build/stm32g4xx_hal_exti.o
HAL_EXTI_SetConfigLine                            build/stm32g4xx_hal_exti.o
HAL_FLASHEx_DisableDebugger                       build/stm32g4xx_hal_flash_ex.o
HAL_FLASHEx_DisableRunPowerDown                   build/stm32g4xx_hal_flash_ramfunc.o
HAL_FLASHEx_EnableDebugger                        build/stm32g4xx_hal_flash_ex.o
HAL_FLASHEx_EnableRunPowerDown                    build/stm32g4xx_hal_flash_ramfunc.o
HAL_FLASHEx_EnableSecMemProtection                build/stm32g4xx_hal_flash_ex.o
HAL_FLASHEx_Erase                                 build/stm32g4xx_hal_flash_ex.o
HAL_FLASHEx_Erase_IT                              build/stm32g4xx_hal_flash_ex.o
HAL_FLASHEx_OBGetConfig                           build/stm32g4xx_hal_flash_ex.o
HAL_FLASHEx_OBProgram                             build/stm32g4xx_hal_flash_ex.o
HAL_FLASHEx_OB_DBankConfig                        build/stm32g4xx_hal_flash_ramfunc.o
HAL_FLASH_EndOfOperationCallback                  build/stm32g4xx_hal_flash.o
HAL_FLASH_GetError                                build/stm32g4xx_hal_flash.o
HAL_FLASH_IRQHandler                              build/stm32g4xx_hal_flash.o
HAL_FLASH_Lock                                    build/stm32g4xx_hal_flash.o
HAL_FLASH_OB_Launch                               build/stm32g4xx_hal_flash.o
HAL_FLASH_OB_Lock                                 build/stm32g4xx_hal_flash.o
HAL_FLASH_OB_Unlock                               build/stm32g4xx_hal_flash.o
HAL_FLASH_OperationErrorCallback                  build/stm32g4xx_hal_flash.o
HAL_FLASH_Program                                 build/stm32g4xx_hal_flash.o
HAL_FLASH_Program_IT                              build/stm32g4xx_hal_flash.o
HAL_FLASH_Unlock                                  build/stm32g4xx_hal_flash.o
HAL_GPIO_DeInit                                   build/stm32g4xx_hal_gpio.o
                                                  build/usbd_conf.o
                                                  build/stm32g4xx_hal_msp.o
HAL_GPIO_EXTI_Callback                            build/stm32g4xx_hal_gpio.o
HAL_GPIO_EXTI_IRQHandler                          build/stm32g4xx_hal_gpio.o
HAL_GPIO_Init                                     build/stm32g4xx_hal_gpio.o
                                                  build/usbd_conf.o
                                                  build/stm32g4xx_hal_rcc_ex.o
                                                  build/stm32g4xx_hal_rcc.o
                                                  build/stm32g4xx_hal_msp.o
                                                  build/main.o
HAL_GPIO_LockPin                                  build/stm32g4xx_hal_gpio.o
HAL_GPIO_ReadPin                                  build/stm32g4xx_hal_gpio.o
HAL_GPIO_TogglePin                                build/stm32g4xx_hal_gpio.o
HAL_GPIO_WritePin                                 build/stm32g4xx_hal_gpio.o
                                                  build/main.o
HAL_GetDEVID                                      build/stm32g4xx_hal.o
HAL_GetHalVersion                                 build/stm32g4xx_hal.o
HAL_GetREVID                                      build/stm32g4xx_hal.o
HAL_GetTick                                       build/stm32g4xx_hal.o
                                                  build/stm32g4xx_hal_pcd_ex.o
                                                  build/stm32g4xx_hal_hrtim.o
                                                  build/stm32g4xx_hal_dac.o
                                                  build/stm32g4xx_hal_dma.o
                                                  build/stm32g4xx_hal_flash.o
                                                  build/stm32g4xx_hal_rcc_ex.o
                                                  build/stm32g4xx_hal_rcc.o
HAL_GetTickFreq                                   build/stm32g4xx_hal.o
HAL_GetTickPrio                                   build/stm32g4xx_hal.o
HAL_HRTIM_ADCPostScalerConfig                     build/stm32g4xx_hal_hrtim.o
HAL_HRTIM_ADCTriggerConfig                        build/stm32g4xx_hal_hrtim.o
HAL_HRTIM_BurstDMAConfig                          build/stm32g4xx_hal_hrtim.o
HAL_HRTIM_BurstDMATransfer                        build/stm32g4xx_hal_hrtim.o
HAL_HRTIM_BurstDMATransferCallback                build/stm32g4xx_hal_hrtim.o
HAL_HRTIM_BurstModeConfig                         build/stm32g4xx_hal_hrtim.o
HAL_HRTIM_BurstModeCtl                            build/stm32g4xx_hal_hrtim.o
HAL_HRTIM_BurstModePeriodCallback                 build/stm32g4xx_hal_hrtim.o
HAL_HRTIM_BurstModeSoftwareTrigger                build/stm32g4xx_hal_hrtim.o
HAL_HRTIM_Capture1EventCallback                   build/stm32g4xx_hal_hrtim.o
HAL_HRTIM_Capture2EventCallback                   build/stm32g4xx_hal_hrtim.o
HAL_HRTIM_ChopperModeConfig                       build/stm32g4xx_hal_hrtim.o
HAL_HRTIM_Compare1EventCallback                   build/stm32g4xx_hal_hrtim.o
HAL_HRTIM_Compare2EventCallback                   build/stm32g4xx_hal_hrtim.o
HAL_HRTIM_Compare3EventCallback                   build/stm32g4xx_hal_hrtim.o
HAL_HRTIM_Compare4EventCallback                   build/stm32g4xx_hal_hrtim.o
HAL_HRTIM_CounterResetCallback                    build/stm32g4xx_hal_hrtim.o
HAL_HRTIM_DLLCalibrationReadyCallback             build/stm32g4xx_hal_hrtim.o
HAL_HRTIM_DLLCalibrationStart                     build/stm32g4xx_hal_hrtim.o
HAL_HRTIM_DLLCalibrationStart_IT                  build/stm32g4xx_hal_hrtim.o
HAL_HRTIM_DeInit                                  build/stm32g4xx_hal_hrtim.o
HAL_HRTIM_DeadTimeConfig                          build/stm32g4xx_hal_hrtim.o
HAL_HRTIM_DelayedProtectionCallback               build/stm32g4xx_hal_hrtim.o
HAL_HRTIM_ErrorCallback                           build/stm32g4xx_hal_hrtim.o
HAL_HRTIM_EventConfig                             build/stm32g4xx_hal_hrtim.o
HAL_HRTIM_EventPrescalerConfig                    build/stm32g4xx_hal_hrtim.o
HAL_HRTIM_ExtEventCounterConfig                   build/stm32g4xx_hal_hrtim.o
HAL_HRTIM_ExtEventCounterDisable                  build/stm32g4xx_hal_hrtim.o
HAL_HRTIM_ExtEventCounterEnable                   build/stm32g4xx_hal_hrtim.o
HAL_HRTIM_ExtEventCounterReset                    build/stm32g4xx_hal_hrtim.o
HAL_HRTIM_Fault1Callback                          build/stm32g4xx_hal_hrtim.o
HAL_HRTIM_Fault2Callback                          build/stm32g4xx_hal_hrtim.o
HAL_HRTIM_Fault3Callback                          build/stm32g4xx_hal_hrtim.o
HAL_HRTIM_Fault4Callback                          build/stm32g4xx_hal_hrtim.o
HAL_HRTIM_Fault5Callback                          build/stm32g4xx_hal_hrtim.o
HAL_HRTIM_Fault6Callback                          build/stm32g4xx_hal_hrtim.o
HAL_HRTIM_FaultBlankingConfigAndEnable            build/stm32g4xx_hal_hrtim.o
HAL_HRTIM_FaultConfig                             build/stm32g4xx_hal_hrtim.o
HAL_HRTIM_FaultCounterConfig                      build/stm32g4xx_hal_hrtim.o
HAL_HRTIM_FaultCounterReset                       build/stm32g4xx_hal_hrtim.o
HAL_HRTIM_FaultModeCtl                            build/stm32g4xx_hal_hrtim.o
HAL_HRTIM_FaultPrescalerConfig                    build/stm32g4xx_hal_hrtim.o
HAL_HRTIM_GetBurstStatus                          build/stm32g4xx_hal_hrtim.o
HAL_HRTIM_GetCaptured                             build/stm32g4xx_hal_hrtim.o
HAL_HRTIM_GetCapturedDir                          build/stm32g4xx_hal_hrtim.o
HAL_HRTIM_GetCapturedValue                        build/stm32g4xx_hal_hrtim.o
HAL_HRTIM_GetCurrentPushPullStatus                build/stm32g4xx_hal_hrtim.o
HAL_HRTIM_GetDelayedProtectionStatus              build/stm32g4xx_hal_hrtim.o
HAL_HRTIM_GetIdlePushPullStatus                   build/stm32g4xx_hal_hrtim.o
HAL_HRTIM_GetState                                build/stm32g4xx_hal_hrtim.o
HAL_HRTIM_IRQHandler                              build/stm32g4xx_hal_hrtim.o
HAL_HRTIM_Init                                    build/stm32g4xx_hal_hrtim.o
HAL_HRTIM_MspDeInit                               build/stm32g4xx_hal_msp.o
HAL_HRTIM_MspInit                                 build/stm32g4xx_hal_msp.o
HAL_HRTIM_MspPostInit                             build/stm32g4xx_hal_msp.o
HAL_HRTIM_Output1ResetCallback                    build/stm32g4xx_hal_hrtim.o
HAL_HRTIM_Output1SetCallback                      build/stm32g4xx_hal_hrtim.o
HAL_HRTIM_Output2ResetCallback                    build/stm32g4xx_hal_hrtim.o
HAL_HRTIM_Output2SetCallback                      build/stm32g4xx_hal_hrtim.o
HAL_HRTIM_OutputSwapDisable                       build/stm32g4xx_hal_hrtim.o
HAL_HRTIM_OutputSwapEnable                        build/stm32g4xx_hal_hrtim.o
HAL_HRTIM_PollForDLLCalibration                   build/stm32g4xx_hal_hrtim.o
HAL_HRTIM_RegistersUpdateCallback                 build/stm32g4xx_hal_hrtim.o
HAL_HRTIM_RepetitionEventCallback                 build/stm32g4xx_hal_hrtim.o
HAL_HRTIM_RollOverModeConfig                      build/stm32g4xx_hal_hrtim.o
HAL_HRTIM_SimpleBaseStart                         build/stm32g4xx_hal_hrtim.o
HAL_HRTIM_SimpleBaseStart_DMA                     build/stm32g4xx_hal_hrtim.o
HAL_HRTIM_SimpleBaseStart_IT                      build/stm32g4xx_hal_hrtim.o
HAL_HRTIM_SimpleBaseStop                          build/stm32g4xx_hal_hrtim.o
HAL_HRTIM_SimpleBaseStop_DMA                      build/stm32g4xx_hal_hrtim.o
HAL_HRTIM_SimpleBaseStop_IT                       build/stm32g4xx_hal_hrtim.o
HAL_HRTIM_SimpleCaptureChannelConfig              build/stm32g4xx_hal_hrtim.o
HAL_HRTIM_SimpleCaptureStart                      build/stm32g4xx_hal_hrtim.o
HAL_HRTIM_SimpleCaptureStart_DMA                  build/stm32g4xx_hal_hrtim.o
HAL_HRTIM_SimpleCaptureStart_IT                   build/stm32g4xx_hal_hrtim.o
HAL_HRTIM_SimpleCaptureStop                       build/stm32g4xx_hal_hrtim.o
HAL_HRTIM_SimpleCaptureStop_DMA                   build/stm32g4xx_hal_hrtim.o
HAL_HRTIM_SimpleCaptureStop_IT                    build/stm32g4xx_hal_hrtim.o
HAL_HRTIM_SimpleOCChannelConfig                   build/stm32g4xx_hal_hrtim.o
HAL_HRTIM_SimpleOCStart                           build/stm32g4xx_hal_hrtim.o
HAL_HRTIM_SimpleOCStart_DMA                       build/stm32g4xx_hal_hrtim.o
HAL_HRTIM_SimpleOCStart_IT                        build/stm32g4xx_hal_hrtim.o
HAL_HRTIM_SimpleOCStop                            build/stm32g4xx_hal_hrtim.o
HAL_HRTIM_SimpleOCStop_DMA                        build/stm32g4xx_hal_hrtim.o
HAL_HRTIM_SimpleOCStop_IT                         build/stm32g4xx_hal_hrtim.o
HAL_HRTIM_SimpleOnePulseChannelConfig             build/stm32g4xx_hal_hrtim.o
HAL_HRTIM_SimpleOnePulseStart                     build/stm32g4xx_hal_hrtim.o
HAL_HRTIM_SimpleOnePulseStart_IT                  build/stm32g4xx_hal_hrtim.o
HAL_HRTIM_SimpleOnePulseStop                      build/stm32g4xx_hal_hrtim.o
HAL_HRTIM_SimpleOnePulseStop_IT                   build/stm32g4xx_hal_hrtim.o
HAL_HRTIM_SimplePWMChannelConfig                  build/stm32g4xx_hal_hrtim.o
HAL_HRTIM_SimplePWMStart                          build/stm32g4xx_hal_hrtim.o
HAL_HRTIM_SimplePWMStart_DMA                      build/stm32g4xx_hal_hrtim.o
HAL_HRTIM_SimplePWMStart_IT                       build/stm32g4xx_hal_hrtim.o
HAL_HRTIM_SimplePWMStop                           build/stm32g4xx_hal_hrtim.o
HAL_HRTIM_SimplePWMStop_DMA                       build/stm32g4xx_hal_hrtim.o
HAL_HRTIM_SimplePWMStop_IT                        build/stm32g4xx_hal_hrtim.o
HAL_HRTIM_SoftwareCapture                         build/stm32g4xx_hal_hrtim.o
HAL_HRTIM_SoftwareReset                           build/stm32g4xx_hal_hrtim.o
HAL_HRTIM_SoftwareUpdate                          build/stm32g4xx_hal_hrtim.o
HAL_HRTIM_SwapTimerOutput                         build/stm32g4xx_hal_hrtim.o
HAL_HRTIM_SynchronizationEventCallback            build/stm32g4xx_hal_hrtim.o
HAL_HRTIM_SystemFaultCallback                     build/stm32g4xx_hal_hrtim.o
HAL_HRTIM_TimeBaseConfig                          build/stm32g4xx_hal_hrtim.o
HAL_HRTIM_TimerDualChannelDacConfig               build/stm32g4xx_hal_hrtim.o
HAL_HRTIM_TimerEventFilteringConfig               build/stm32g4xx_hal_hrtim.o
HAL_HRTIM_UpdateDisable                           build/stm32g4xx_hal_hrtim.o
HAL_HRTIM_UpdateEnable                            build/stm32g4xx_hal_hrtim.o
HAL_HRTIM_WaveformCaptureConfig                   build/stm32g4xx_hal_hrtim.o
HAL_HRTIM_WaveformCompareConfig                   build/stm32g4xx_hal_hrtim.o
HAL_HRTIM_WaveformCountStart                      build/stm32g4xx_hal_hrtim.o
HAL_HRTIM_WaveformCountStart_DMA                  build/stm32g4xx_hal_hrtim.o
HAL_HRTIM_WaveformCountStart_IT                   build/stm32g4xx_hal_hrtim.o
HAL_HRTIM_WaveformCountStop                       build/stm32g4xx_hal_hrtim.o
HAL_HRTIM_WaveformCountStop_DMA                   build/stm32g4xx_hal_hrtim.o
HAL_HRTIM_WaveformCountStop_IT                    build/stm32g4xx_hal_hrtim.o
HAL_HRTIM_WaveformGetOutputLevel                  build/stm32g4xx_hal_hrtim.o
HAL_HRTIM_WaveformGetOutputState                  build/stm32g4xx_hal_hrtim.o
HAL_HRTIM_WaveformOutputConfig                    build/stm32g4xx_hal_hrtim.o
HAL_HRTIM_WaveformOutputStart                     build/stm32g4xx_hal_hrtim.o
HAL_HRTIM_WaveformOutputStop                      build/stm32g4xx_hal_hrtim.o
HAL_HRTIM_WaveformSetOutputLevel                  build/stm32g4xx_hal_hrtim.o
HAL_HRTIM_WaveformTimerConfig                     build/stm32g4xx_hal_hrtim.o
HAL_HRTIM_WaveformTimerControl                    build/stm32g4xx_hal_hrtim.o
HAL_IncTick                                       build/stm32g4xx_hal.o
                                                  build/stm32g4xx_it.o
HAL_Init                                          build/stm32g4xx_hal.o
                                                  build/main.o
HAL_InitTick                                      build/stm32g4xx_hal.o
                                                  build/stm32g4xx_hal_rcc.o
HAL_MPU_ConfigRegion                              build/stm32g4xx_hal_cortex.o
HAL_MPU_Disable                                   build/stm32g4xx_hal_cortex.o